
> cascade@0.0.0 build /home/user/cascade
> vite build

vite v7.2.4 building client environment for production...
transforming...
✓ 1510 modules transformed.
rendering chunks...
computing gzip size...
dist/registerSW.js                                      0.13 kB
dist/manifest.webmanifest                               0.48 kB
dist/index.html                                         1.91 kB │ gzip:   0.66 kB
dist/assets/inter-v12-latin-100-BQDzDElq.woff2         16.55 kB
dist/assets/inter-v12-latin-regular-YtgfLPRn.woff2     16.71 kB
dist/assets/inter-v12-latin-900-CMga-52B.woff2         17.18 kB
dist/assets/inter-v12-latin-300-DEbyFmpd.woff2         17.33 kB
dist/assets/inter-v12-latin-200-BxfrU12A.woff2         17.34 kB
dist/assets/inter-v12-latin-500-DfX5FI9E.woff2         17.55 kB
dist/assets/inter-v12-latin-600-BvOeHRLc.woff2         17.66 kB
dist/assets/inter-v12-latin-800-Bdy4lAMa.woff2         17.76 kB
dist/assets/inter-v12-latin-700-Bj1B9WKG.woff2         17.78 kB
dist/assets/inter-v12-latin-100-46Mq0mOp.woff          21.24 kB
dist/assets/inter-v12-latin-regular-CahmJf_6.woff      21.42 kB
dist/assets/inter-v12-latin-900-ORHAl5ZU.woff          21.98 kB
dist/assets/inter-v12-latin-300-f7r92Nkj.woff          22.16 kB
dist/assets/inter-v12-latin-200-DXfqWPZg.woff          22.24 kB
dist/assets/inter-v12-latin-500-BQ2gQN_M.woff          22.52 kB
dist/assets/inter-v12-latin-600-D01NXWOK.woff          22.64 kB
dist/assets/inter-v12-latin-700-B5TOIllR.woff          22.68 kB
dist/assets/inter-v12-latin-800-DFVvDWwT.woff          22.71 kB
dist/assets/convex-5LTlqYIK.css                         2.18 kB │ gzip:   0.75 kB
dist/assets/tour-DB0Q8XAf.css                           3.94 kB │ gzip:   1.10 kB
dist/assets/index-Cf-JLqzj.css                         88.59 kB │ gzip:  14.12 kB
dist/assets/editor-ux4Qr3Nj.css                       214.27 kB │ gzip:  34.03 kB
dist/assets/markdown-DzCNYSK2.js                        3.74 kB │ gzip:   1.52 kB │ map:    28.04 kB
dist/assets/icons-D-qDSzvj.js                           5.60 kB │ gzip:   2.44 kB │ map:    28.01 kB
dist/assets/DocumentEditor-m6Zcr0r9.js                 20.39 kB │ gzip:   6.13 kB │ map:    62.56 kB
dist/assets/tour-BlmajLkN.js                           20.92 kB │ gzip:   6.18 kB │ map:    52.63 kB
dist/assets/convex-C85-VFOV.js                         84.02 kB │ gzip:  24.42 kB │ map:   318.68 kB
dist/assets/mantine-DUNH1vOR.js                       125.17 kB │ gzip:  36.38 kB │ map:   582.08 kB
dist/assets/analytics-gfLf0sUz.js                     163.41 kB │ gzip:  54.57 kB │ map:   377.57 kB
dist/assets/react-vendor-BQ72qn5s.js                  189.32 kB │ gzip:  59.19 kB │ map:   892.64 kB
dist/assets/editor-B2OR_lhq.js                        316.65 kB │ gzip:  85.89 kB │ map:   932.59 kB
dist/assets/index-Cb54FwBp.js                         436.65 kB │ gzip:  88.87 kB │ map: 1,183.55 kB
dist/assets/vendor-v4CD2ywh.js                      1,484.35 kB │ gzip: 418.67 kB │ map: 5,085.74 kB

(!) Some chunks are larger than 500 kB after minification. Consider:
- Using dynamic import() to code-split the application
- Use build.rollupOptions.output.manualChunks to improve chunking: https://rollupjs.org/configuration-options/#output-manualchunks
- Adjust chunk size limit for this warning via build.chunkSizeWarningLimit.
✓ built in 23.58s

PWA v1.1.0
mode      generateSW
precache  42 entries (3449.11 KiB)
files generated
  dist/sw.js.map
  dist/sw.js
  dist/workbox-4dbe5713.js.map
  dist/workbox-4dbe5713.js

✨ [vite-plugin-compression]:algorithm=gzip - compressed file successfully: 
dist//home/user/cascade/assets/convex-5LTlqYIK.css.gz          2.13kb / gzip: 0.73kb
dist//home/user/cascade/assets/DocumentEditor-m6Zcr0r9.js.gz   19.92kb / gzip: 5.98kb
dist//home/user/cascade/assets/icons-D-qDSzvj.js.gz            5.47kb / gzip: 2.38kb
dist//home/user/cascade/assets/index-Cf-JLqzj.css.gz           86.52kb / gzip: 13.62kb
dist//home/user/cascade/assets/markdown-DzCNYSK2.js.gz         3.65kb / gzip: 1.48kb
dist//home/user/cascade/assets/tour-BlmajLkN.js.gz             20.43kb / gzip: 6.03kb
dist//home/user/cascade/manifest.json.gz                       1.16kb / gzip: 0.44kb
dist//home/user/cascade/assets/tour-DB0Q8XAf.css.gz            3.85kb / gzip: 1.07kb
dist//home/user/cascade/service-worker.js.gz                   2.56kb / gzip: 0.94kb
dist//home/user/cascade/index.html.gz                          1.86kb / gzip: 0.65kb
dist//home/user/cascade/offline.html.gz                        3.06kb / gzip: 1.14kb
dist//home/user/cascade/sw.js.gz                               3.70kb / gzip: 1.38kb
dist//home/user/cascade/workbox-4dbe5713.js.gz                 21.31kb / gzip: 7.26kb
dist//home/user/cascade/assets/convex-C85-VFOV.js.gz           82.05kb / gzip: 23.81kb
dist//home/user/cascade/assets/mantine-DUNH1vOR.js.gz          122.23kb / gzip: 35.44kb
dist//home/user/cascade/assets/editor-ux4Qr3Nj.css.gz          209.25kb / gzip: 32.82kb
dist//home/user/cascade/assets/analytics-gfLf0sUz.js.gz        159.58kb / gzip: 53.16kb
dist//home/user/cascade/assets/react-vendor-BQ72qn5s.js.gz     184.88kb / gzip: 57.69kb
dist//home/user/cascade/assets/editor-B2OR_lhq.js.gz           309.23kb / gzip: 83.71kb
dist//home/user/cascade/assets/index-Cb54FwBp.js.gz            426.41kb / gzip: 86.20kb
dist//home/user/cascade/assets/vendor-v4CD2ywh.js.gz           1449.56kb / gzip: 406.65kb



✨ [vite-plugin-compression]:algorithm=brotliCompress - compressed file successfully: 
dist//home/user/cascade/assets/convex-5LTlqYIK.css.br          2.13kb / brotliCompress: 0.56kb
dist//home/user/cascade/assets/icons-D-qDSzvj.js.br            5.47kb / brotliCompress: 2.09kb
dist//home/user/cascade/assets/DocumentEditor-m6Zcr0r9.js.br   19.92kb / brotliCompress: 5.29kb
dist//home/user/cascade/assets/markdown-DzCNYSK2.js.br         3.65kb / brotliCompress: 1.32kb
dist//home/user/cascade/assets/tour-DB0Q8XAf.css.br            3.85kb / brotliCompress: 0.85kb
dist//home/user/cascade/index.html.br                          1.86kb / brotliCompress: 0.46kb
dist//home/user/cascade/offline.html.br                        3.06kb / brotliCompress: 0.86kb
dist//home/user/cascade/manifest.json.br                       1.16kb / brotliCompress: 0.36kb
dist//home/user/cascade/assets/tour-BlmajLkN.js.br             20.43kb / brotliCompress: 5.33kb
dist//home/user/cascade/service-worker.js.br                   2.56kb / brotliCompress: 0.79kb
dist//home/user/cascade/workbox-4dbe5713.js.br                 21.31kb / brotliCompress: 6.58kb
dist//home/user/cascade/sw.js.br                               3.70kb / brotliCompress: 1.23kb
dist//home/user/cascade/assets/index-Cf-JLqzj.css.br           86.52kb / brotliCompress: 10.98kb
dist//home/user/cascade/assets/convex-C85-VFOV.js.br           82.05kb / brotliCompress: 21.11kb
dist//home/user/cascade/assets/analytics-gfLf0sUz.js.br        159.58kb / brotliCompress: 46.30kb
dist//home/user/cascade/assets/editor-ux4Qr3Nj.css.br          209.25kb / brotliCompress: 27.47kb
dist//home/user/cascade/assets/mantine-DUNH1vOR.js.br          122.23kb / brotliCompress: 30.61kb
dist//home/user/cascade/assets/editor-B2OR_lhq.js.br           309.23kb / brotliCompress: 69.41kb
dist//home/user/cascade/assets/react-vendor-BQ72qn5s.js.br     184.88kb / brotliCompress: 49.65kb
dist//home/user/cascade/assets/index-Cb54FwBp.js.br            426.41kb / brotliCompress: 65.54kb
dist//home/user/cascade/assets/vendor-v4CD2ywh.js.br           1449.56kb / brotliCompress: 332.16kb


