
> nixelo@0.0.0 test C:\Users\mikes\Desktop\cascade
> vitest "run"


[1m[46m RUN [49m[22m [36mv4.0.15 [39m[90mC:/Users/mikes/Desktop/cascade[39m

[90mstdout[2m | src/hooks/useModal.test.ts
[22m[39m[PATCH] test-utils.act patched with simple implementation

[90mstdout[2m | src/components/ui/ColorPicker.test.tsx
[22m[39m[PATCH] test-utils.act patched with simple implementation

[90mstdout[2m | src/hooks/useDeleteConfirmation.test.ts
[22m[39m[PATCH] test-utils.act patched with simple implementation

[90mstdout[2m | src/components/Dashboard/ProjectsList.test.tsx
[22m[39m[PATCH] test-utils.act patched with simple implementation

[90mstdout[2m | src/components/ImportExportModal.test.tsx
[22m[39m[PATCH] test-utils.act patched with simple implementation

[90mstdout[2m | src/components/FilterBar.test.tsx
[22m[39m[PATCH] test-utils.act patched with simple implementation

[90mstdout[2m | src/components/ui/EmptyState.test.tsx
[22m[39m[PATCH] test-utils.act patched with simple implementation

[90mstdout[2m | src/components/IssueDetailModal.test.tsx
[22m[39m[PATCH] test-utils.act patched with simple implementation

[90mstdout[2m | src/components/GlobalSearch.test.tsx
[22m[39m[PATCH] test-utils.act patched with simple implementation

[90mstdout[2m | src/hooks/useFuzzySearch.test.ts
[22m[39m[PATCH] test-utils.act patched with simple implementation

[90mstdout[2m | src/components/CreateIssueModal.test.tsx
[22m[39m[PATCH] test-utils.act patched with simple implementation

[90mstdout[2m | src/components/fuzzy-search/FuzzySearchInput.test.tsx
[22m[39m[PATCH] test-utils.act patched with simple implementation

[90mstdout[2m | src/components/fuzzy-search/integration.test.tsx
[22m[39m[PATCH] test-utils.act patched with simple implementation

[90mstdout[2m | src/components/ui/MarkdownPreviewModal.test.tsx
[22m[39m[PATCH] test-utils.act patched with simple implementation

[90mstdout[2m | src/components/AutomationRulesManager.test.tsx
[22m[39m[PATCH] test-utils.act patched with simple implementation

[90mstdout[2m | src/components/BulkOperationsBar.test.tsx
[22m[39m[PATCH] test-utils.act patched with simple implementation

[90mstdout[2m | src/components/CustomFieldsManager.test.tsx
[22m[39m[PATCH] test-utils.act patched with simple implementation

[90mstdout[2m | src/components/NotificationCenter.test.tsx
[22m[39m[PATCH] test-utils.act patched with simple implementation

[90mstdout[2m | src/components/CustomFieldValues.test.tsx
[22m[39m[PATCH] test-utils.act patched with simple implementation

 [31mΓ¥»[39m src/hooks/useModal.test.ts [2m([22m[2m18 tests[22m[2m | [22m[31m7 failed[39m[2m)[22m[32m 206[2mms[22m[39m
       [32mΓ£ô[39m should start with isOpen as false by default[32m 41[2mms[22m[39m
       [32mΓ£ô[39m should start with isOpen as true when initialState is true[32m 4[2mms[22m[39m
       [32mΓ£ô[39m should start with isOpen as false when initialState is false[32m 8[2mms[22m[39m
[31m       [31m├ù[31m should set isOpen to true when called[39m[32m 56[2mms[22m[39m
       [32mΓ£ô[39m should keep isOpen as true when already open[32m 18[2mms[22m[39m
       [32mΓ£ô[39m should be a stable function reference[32m 11[2mms[22m[39m
[31m       [31m├ù[31m should set isOpen to false when called[39m[32m 7[2mms[22m[39m
       [32mΓ£ô[39m should keep isOpen as false when already closed[32m 6[2mms[22m[39m
       [32mΓ£ô[39m should be a stable function reference[32m 8[2mms[22m[39m
[31m       [31m├ù[31m should toggle isOpen from false to true[39m[32m 3[2mms[22m[39m
[31m       [31m├ù[31m should toggle isOpen from true to false[39m[32m 4[2mms[22m[39m
[31m       [31m├ù[31m should toggle multiple times correctly[39m[32m 5[2mms[22m[39m
       [32mΓ£ô[39m should be a stable function reference[32m 6[2mms[22m[39m
[31m       [31m├ù[31m should work correctly with open, close, toggle sequence[39m[32m 4[2mms[22m[39m
[31m       [31m├ù[31m should handle rapid state changes[39m[32m 5[2mms[22m[39m
       [32mΓ£ô[39m should return object with expected properties[32m 2[2mms[22m[39m
       [32mΓ£ô[39m should return functions for open, close, and toggle[32m 4[2mms[22m[39m
       [32mΓ£ô[39m should return boolean for isOpen[32m 3[2mms[22m[39m
 [31mΓ¥»[39m src/hooks/useDeleteConfirmation.test.ts [2m([22m[2m22 tests[22m[2m | [22m[31m11 failed[39m[2m)[22m[32m 217[2mms[22m[39m
       [32mΓ£ô[39m should start with deleteId as null[32m 53[2mms[22m[39m
       [32mΓ£ô[39m should start with isDeleting as false[32m 21[2mms[22m[39m
[31m       [31m├ù[31m should set deleteId when called[39m[32m 47[2mms[22m[39m
[31m       [31m├ù[31m should update deleteId when called multiple times[39m[32m 4[2mms[22m[39m
[31m       [31m├ù[31m should set deleteId to null[39m[32m 9[2mms[22m[39m
       [32mΓ£ô[39m should work when deleteId is already null[32m 11[2mms[22m[39m
[31m       [31m├ù[31m should call deleteFn with the deleteId[39m[32m 7[2mms[22m[39m
[31m       [31m├ù[31m should show success toast on successful delete[39m[32m 2[2mms[22m[39m
[31m       [31m├ù[31m should show custom success message when provided[39m[32m 5[2mms[22m[39m
[31m       [31m├ù[31m should call onSuccess callback on successful delete[39m[32m 5[2mms[22m[39m
       [32mΓ£ô[39m should reset deleteId to null after successful delete[32m 2[2mms[22m[39m
       [32mΓ£ô[39m should set isDeleting to false after successful delete[32m 3[2mms[22m[39m
[31m       [31m├ù[31m should show error toast on failed delete[39m[32m 3[2mms[22m[39m
[31m       [31m├ù[31m should show custom error message when provided[39m[32m 2[2mms[22m[39m
[31m       [31m├ù[31m should call onError callback on failed delete[39m[32m 6[2mms[22m[39m
[31m       [31m├ù[31m should NOT reset deleteId on failed delete[39m[32m 3[2mms[22m[39m
       [32mΓ£ô[39m should set isDeleting to false after failed delete[32m 3[2mms[22m[39m
       [32mΓ£ô[39m should not call deleteFn when deleteId is null[32m 1[2mms[22m[39m
       [32mΓ£ô[39m should not show any toast when deleteId is null[32m 1[2mms[22m[39m
       [32mΓ£ô[39m should set isDeleting to false after delete completes[32m 7[2mms[22m[39m
       [32mΓ£ô[39m should return object with expected properties[32m 4[2mms[22m[39m
       [32mΓ£ô[39m should return functions for confirmDelete, cancelDelete, executeDelete[32m 1[2mms[22m[39m
 [31mΓ¥»[39m src/components/fuzzy-search/integration.test.tsx [2m([22m[2m14 tests[22m[2m | [22m[31m5 failed[39m[2m)[22m[32m 216[2mms[22m[39m
       [32mΓ£ô[39m should combine Convex data loading with fuzzy search[32m 77[2mms[22m[39m
[31m       [31m├ù[31m should handle Convex data updates reactively[39m[32m 25[2mms[22m[39m
[31m       [31m├ù[31m should maintain search query across data updates[39m[32m 20[2mms[22m[39m
       [32mΓ£ô[39m should handle undefined data from Convex (loading state)[32m 10[2mms[22m[39m
       [32mΓ£ô[39m should handle empty array from Convex (no data)[32m 5[2mms[22m[39m
[31m       [31m├ù[31m should debounce search queries[39m[32m 11[2mms[22m[39m
[31m       [31m├ù[31m should only search through permission-filtered data from Convex[39m[32m 14[2mms[22m[39m
       [32mΓ£ô[39m should respect Convex data boundaries[32m 5[2mms[22m[39m
       [32mΓ£ô[39m should support assignee dropdown pattern[32m 5[2mms[22m[39m
       [32mΓ£ô[39m should support project switcher pattern[32m 10[2mms[22m[39m
       [32mΓ£ô[39m should handle malformed data gracefully[32m 3[2mms[22m[39m
       [32mΓ£ô[39m should recover from search errors[32m 2[2mms[22m[39m
       [32mΓ£ô[39m should handle medium-sized datasets efficiently[32m 3[2mms[22m[39m
[31m       [31m├ù[31m should respect limit to optimize large result sets[39m[32m 8[2mms[22m[39m
 [31mΓ¥»[39m src/hooks/useFuzzySearch.test.ts [2m([22m[2m26 tests[22m[2m | [22m[31m6 failed[39m[2m)[22m[32m 236[2mms[22m[39m
     [32mΓ£ô[39m should return all items when query is empty[32m 54[2mms[22m[39m
     [32mΓ£ô[39m should filter items based on query[32m 9[2mms[22m[39m
     [32mΓ£ô[39m should handle typos with fuzzy matching[32m 9[2mms[22m[39m
[31m     [31m├ù[31m should respect limit option[39m[32m 46[2mms[22m[39m
[31m     [31m├ù[31m should clear query[39m[32m 15[2mms[22m[39m
[31m     [31m├ù[31m should debounce search query[39m[32m 9[2mms[22m[39m
[31m     [31m├ù[31m should indicate searching state[39m[32m 11[2mms[22m[39m
[31m     [31m├ù[31m should indicate when results exist[39m[32m 6[2mms[22m[39m
     [32mΓ£ô[39m should return total items count[32m 7[2mms[22m[39m
     [32mΓ£ô[39m should handle undefined items[32m 9[2mms[22m[39m
     [32mΓ£ô[39m should handle empty array[32m 7[2mms[22m[39m
     [32mΓ£ô[39m should prioritize weighted keys[32m 2[2mms[22m[39m
     [32mΓ£ô[39m should search users by name and email[32m 3[2mms[22m[39m
[31m     [31m├ù[31m should have debounce enabled[39m[32m 5[2mms[22m[39m
     [32mΓ£ô[39m should search projects by name, key, and description[32m 3[2mms[22m[39m
     [32mΓ£ô[39m should match project keys[32m 5[2mms[22m[39m
     [32mΓ£ô[39m should search issues by title and key[32m 3[2mms[22m[39m
     [32mΓ£ô[39m should match issue titles[32m 3[2mms[22m[39m
     [32mΓ£ô[39m should search sprints by name[32m 3[2mms[22m[39m
     [32mΓ£ô[39m should search labels[32m 3[2mms[22m[39m
     [32mΓ£ô[39m should handle typos in labels[32m 1[2mms[22m[39m
     [32mΓ£ô[39m should search documents by title[32m 10[2mms[22m[39m
     [32mΓ£ô[39m should return text without highlights when no matches[32m 1[2mms[22m[39m
     [32mΓ£ô[39m should highlight single match[32m 0[2mms[22m[39m
     [32mΓ£ô[39m should highlight multiple matches[32m 0[2mms[22m[39m
     [32mΓ£ô[39m should handle empty indices array[32m 1[2mms[22m[39m
 [31mΓ¥»[39m src/components/fuzzy-search/FuzzySearchInput.test.tsx [2m([22m[2m28 tests[22m[2m | [22m[31m6 failed[39m[2m)[22m[33m 3370[2mms[22m[39m
     [33m[2mΓ£ô[22m[39m should render search input [33m 666[2mms[22m[39m
     [32mΓ£ô[39m should display placeholder text[32m 17[2mms[22m[39m
     [33m[2mΓ£ô[22m[39m should call onSearch when typing [33m 379[2mms[22m[39m
[31m     [31m├ù[31m should show results dropdown when query is provided[39m[32m 77[2mms[22m[39m
     [32mΓ£ô[39m should not show dropdown when isOpen is false[32m 13[2mms[22m[39m
[31m     [31m├ù[31m should call onSelect when clicking a result[39m[32m 14[2mms[22m[39m
     [32mΓ£ô[39m should show clear button when query is not empty[32m 17[2mms[22m[39m
     [32mΓ£ô[39m should call onSearch with empty string when clear button is clicked[32m 168[2mms[22m[39m
     [32mΓ£ô[39m should call onClear when clear button is clicked[32m 177[2mms[22m[39m
     [32mΓ£ô[39m should show loading indicator when isLoading is true[32m 23[2mms[22m[39m
     [33m[2mΓ£ô[22m[39m should navigate results with arrow keys [33m 842[2mms[22m[39m
     [32mΓ£ô[39m should select result with Enter key[32m 229[2mms[22m[39m
     [33m[2mΓ£ô[22m[39m should close dropdown with Escape key [33m 359[2mms[22m[39m
[31m     [31m├ù[31m should show no results message when results are empty[39m[32m 40[2mms[22m[39m
[31m     [31m├ù[31m should display match scores when showScore is true[39m[32m 13[2mms[22m[39m
     [32mΓ£ô[39m should not display scores when showScore is false[32m 8[2mms[22m[39m
[31m     [31m├ù[31m should have proper ARIA attributes[39m[32m 102[2mms[22m[39m
[31m     [31m├ù[31m should close dropdown when clicking outside[39m[32m 19[2mms[22m[39m
     [32mΓ£ô[39m should focus input when mounted[32m 80[2mms[22m[39m
     [32mΓ£ô[39m should render text without highlighting when no matches[32m 9[2mms[22m[39m
     [32mΓ£ô[39m should render text without highlighting when matches array is empty[32m 5[2mms[22m[39m
     [32mΓ£ô[39m should highlight matched portion[32m 33[2mms[22m[39m
     [32mΓ£ô[39m should handle multiple matches[32m 31[2mms[22m[39m
     [32mΓ£ô[39m should apply custom className[32m 3[2mms[22m[39m
     [32mΓ£ô[39m should apply custom highlight className[32m 10[2mms[22m[39m
     [32mΓ£ô[39m should use default highlight className when not provided[32m 20[2mms[22m[39m
     [32mΓ£ô[39m should handle matches at the end of text[32m 4[2mms[22m[39m
     [32mΓ£ô[39m should handle matches at the beginning of text[32m 4[2mms[22m[39m
stderr | src/components/ui/MarkdownPreviewModal.test.tsx > MarkdownPreviewModal > should render when open
Warning: Missing `Description` or `aria-describedby={undefined}` for {DialogContent}.

stderr | src/components/ui/MarkdownPreviewModal.test.tsx > MarkdownPreviewModal > should display file statistics
Warning: Missing `Description` or `aria-describedby={undefined}` for {DialogContent}.

 [31mΓ¥»[39m src/components/Dashboard/ProjectsList.test.tsx [2m([22m[2m18 tests[22m[2m | [22m[31m1 failed[39m[2m)[22m[33m 2952[2mms[22m[39m
     [32mΓ£ô[39m should render card header with project count[32m 281[2mms[22m[39m
     [32mΓ£ô[39m should render loading skeleton when data is undefined[32m 29[2mms[22m[39m
     [32mΓ£ô[39m should render empty state when no projects[32m 27[2mms[22m[39m
     [32mΓ£ô[39m should render Go to Workspaces button in empty state[32m 23[2mms[22m[39m
[31m     [31m├ù[31m should navigate to projects when clicking Go to Workspaces[39m[33m 962[2mms[22m[39m
     [32mΓ£ô[39m should render all projects when data is present[32m 19[2mms[22m[39m
     [32mΓ£ô[39m should display project role badges[32m 22[2mms[22m[39m
     [32mΓ£ô[39m should display issue counts for each project[32m 26[2mms[22m[39m
     [33m[2mΓ£ô[22m[39m should navigate to project when clicking a project [33m 315[2mms[22m[39m
     [33m[2mΓ£ô[22m[39m should render projects with staggered animation [33m 599[2mms[22m[39m
     [32mΓ£ô[39m should apply navigation props to project items[32m 265[2mms[22m[39m
     [32mΓ£ô[39m should have correct button types[32m 209[2mms[22m[39m
     [32mΓ£ô[39m should handle project with long name (truncation)[32m 18[2mms[22m[39m
     [32mΓ£ô[39m should handle zero issues in a project[32m 13[2mms[22m[39m
     [32mΓ£ô[39m should render with capitalized role badges[32m 33[2mms[22m[39m
     [32mΓ£ô[39m should handle single project[32m 24[2mms[22m[39m
     [32mΓ£ô[39m should show 0 projects in header when array is empty[32m 26[2mms[22m[39m
     [32mΓ£ô[39m should show 0 projects in header when undefined[32m 27[2mms[22m[39m
stderr | src/components/GlobalSearch.test.tsx > GlobalSearch > should open modal when search button is clicked
`DialogContent` requires a `DialogTitle` for the component to be accessible for screen reader users.

If you want to hide the `DialogTitle`, you can wrap it with our VisuallyHidden component.

For more information, see https://radix-ui.com/primitives/docs/components/dialog
Warning: Missing `Description` or `aria-describedby={undefined}` for {DialogContent}.

 [32mΓ£ô[39m src/components/ui/EmptyState.test.tsx [2m([22m[2m33 tests[22m[2m)[22m[33m 4122[2mms[22m[39m
       [33m[2mΓ£ô[22m[39m should render icon and title [33m 746[2mms[22m[39m
       [33m[2mΓ£ô[22m[39m should call onClick multiple times when clicked multiple times [33m 352[2mms[22m[39m
       [33m[2mΓ£ô[22m[39m should display empty state for no search results [33m 301[2mms[22m[39m
stderr | src/components/ui/MarkdownPreviewModal.test.tsx > MarkdownPreviewModal > should show warning about content replacement
Warning: Missing `Description` or `aria-describedby={undefined}` for {DialogContent}.

stderr | src/components/ImportExportModal.test.tsx > ImportExportModal - Component Behavior > Mode Switching Logic > should default to export mode
Warning: Missing `Description` or `aria-describedby={undefined}` for {DialogContent}.

stderr | src/components/GlobalSearch.test.tsx > GlobalSearch > should open modal when Cmd+K is pressed
`DialogContent` requires a `DialogTitle` for the component to be accessible for screen reader users.

If you want to hide the `DialogTitle`, you can wrap it with our VisuallyHidden component.

For more information, see https://radix-ui.com/primitives/docs/components/dialog
Warning: Missing `Description` or `aria-describedby={undefined}` for {DialogContent}.

stderr | src/components/ImportExportModal.test.tsx > ImportExportModal - Component Behavior > Mode Switching Logic > should switch to import mode when Import button clicked
Warning: Missing `Description` or `aria-describedby={undefined}` for {DialogContent}.

stderr | src/components/ui/MarkdownPreviewModal.test.tsx > MarkdownPreviewModal > should switch between Preview and Raw tabs
Warning: Missing `Description` or `aria-describedby={undefined}` for {DialogContent}.

 [31mΓ¥»[39m src/components/ui/ColorPicker.test.tsx [2m([22m[2m37 tests[22m[2m | [22m[31m2 failed[39m[2m)[22m[33m 5648[2mms[22m[39m
       [32mΓ£ô[39m should render default label[32m 171[2mms[22m[39m
       [32mΓ£ô[39m should render custom label[32m 31[2mms[22m[39m
       [33m[2mΓ£ô[22m[39m should render all default preset color buttons [33m 797[2mms[22m[39m
       [32mΓ£ô[39m should render custom color input[32m 31[2mms[22m[39m
       [32mΓ£ô[39m should display 'Custom' text below color input[32m 21[2mms[22m[39m
       [32mΓ£ô[39m should render buttons for all preset colors[32m 43[2mms[22m[39m
       [32mΓ£ô[39m should apply correct background color to preset buttons[32m 217[2mms[22m[39m
       [32mΓ£ô[39m should have title attribute with color value[32m 19[2mms[22m[39m
       [32mΓ£ô[39m should use custom preset colors when provided[32m 22[2mms[22m[39m
       [32mΓ£ô[39m should handle empty preset colors array[32m 10[2mms[22m[39m
       [32mΓ£ô[39m should highlight selected preset color[32m 14[2mms[22m[39m
       [32mΓ£ô[39m should not highlight non-selected colors[32m 21[2mms[22m[39m
[31m       [31m├ù[31m should update highlight when value changes[39m[32m 44[2mms[22m[39m
       [32mΓ£ô[39m should call onChange when preset color is clicked[32m 176[2mms[22m[39m
       [33m[2mΓ£ô[22m[39m should call onChange with correct color for each preset [33m 897[2mms[22m[39m
       [32mΓ£ô[39m should call onChange when clicking already selected color[32m 116[2mms[22m[39m
       [32mΓ£ô[39m should have button type to prevent form submission[32m 294[2mms[22m[39m
       [32mΓ£ô[39m should display current value in custom color input[32m 32[2mms[22m[39m
       [32mΓ£ô[39m should call onChange when custom color input changes[32m 37[2mms[22m[39m
       [32mΓ£ô[39m should have correct accessibility attributes[32m 14[2mms[22m[39m
       [32mΓ£ô[39m should have correct styling classes[32m 12[2mms[22m[39m
       [32mΓ£ô[39m should have flex layout for color buttons[32m 94[2mms[22m[39m
       [33m[2mΓ£ô[22m[39m should have rounded-full class on preset buttons [33m 452[2mms[22m[39m
       [32mΓ£ô[39m should have hover and focus styles on preset buttons[32m 14[2mms[22m[39m
       [32mΓ£ô[39m should have label styling[32m 38[2mms[22m[39m
       [32mΓ£ô[39m should have aria-label for each preset button[32m 54[2mms[22m[39m
       [32mΓ£ô[39m should have aria-label for custom color input[32m 17[2mms[22m[39m
       [33m[2mΓ£ô[22m[39m should have keyboard accessible preset buttons [33m 380[2mms[22m[39m
       [32mΓ£ô[39m should handle uppercase hex values[32m 20[2mms[22m[39m
       [32mΓ£ô[39m should handle lowercase hex values[32m 33[2mms[22m[39m
       [33m[2mΓ£ô[22m[39m should handle value not in preset colors [33m 333[2mms[22m[39m
       [32mΓ£ô[39m should handle single preset color[32m 62[2mms[22m[39m
       [33m[2mΓ£ô[22m[39m should handle many preset colors [33m 486[2mms[22m[39m
       [32mΓ£ô[39m should work with all default props[32m 293[2mms[22m[39m
       [32mΓ£ô[39m should work with custom label and preset colors[32m 129[2mms[22m[39m
[31m       [31m├ù[31m should work as theme color picker[39m[32m 140[2mms[22m[39m
       [32mΓ£ô[39m should work as brand color selector[32m 69[2mms[22m[39m
stderr | src/components/GlobalSearch.test.tsx > GlobalSearch > should open modal when Ctrl+K is pressed
`DialogContent` requires a `DialogTitle` for the component to be accessible for screen reader users.

If you want to hide the `DialogTitle`, you can wrap it with our VisuallyHidden component.

For more information, see https://radix-ui.com/primitives/docs/components/dialog
Warning: Missing `Description` or `aria-describedby={undefined}` for {DialogContent}.

stderr | src/components/ui/MarkdownPreviewModal.test.tsx > MarkdownPreviewModal > should display raw markdown in Raw tab
Warning: Missing `Description` or `aria-describedby={undefined}` for {DialogContent}.

stderr | src/components/ImportExportModal.test.tsx > ImportExportModal - Component Behavior > Mode Switching Logic > should switch back to export mode when Export button clicked
Warning: Missing `Description` or `aria-describedby={undefined}` for {DialogContent}.

stderr | src/components/AutomationRulesManager.test.tsx > AutomationRulesManager - Component Behavior > Dialog Display Logic > should show dialog when Create Rule clicked
Warning: Missing `Description` or `aria-describedby={undefined}` for {DialogContent}.

stderr | src/components/GlobalSearch.test.tsx > GlobalSearch > should show all tabs: All, Issues, Documents
`DialogContent` requires a `DialogTitle` for the component to be accessible for screen reader users.

If you want to hide the `DialogTitle`, you can wrap it with our VisuallyHidden component.

For more information, see https://radix-ui.com/primitives/docs/components/dialog
Warning: Missing `Description` or `aria-describedby={undefined}` for {DialogContent}.

stderr | src/components/CustomFieldsManager.test.tsx > CustomFieldsManager - Component Behavior > Form Display & State Management > should show form when 'Add Field' button is clicked
Warning: Missing `Description` or `aria-describedby={undefined}` for {DialogContent}.

stderr | src/components/CreateIssueModal.test.tsx > CreateIssueModal > should render story points input field
Warning: Missing `Description` or `aria-describedby={undefined}` for {DialogContent}.

stderr | src/components/ui/MarkdownPreviewModal.test.tsx > MarkdownPreviewModal > should call onConfirm when import button clicked
Warning: Missing `Description` or `aria-describedby={undefined}` for {DialogContent}.

stderr | src/components/GlobalSearch.test.tsx > GlobalSearch > should filter by tab selection
`DialogContent` requires a `DialogTitle` for the component to be accessible for screen reader users.

If you want to hide the `DialogTitle`, you can wrap it with our VisuallyHidden component.

For more information, see https://radix-ui.com/primitives/docs/components/dialog
Warning: Missing `Description` or `aria-describedby={undefined}` for {DialogContent}.

stderr | src/components/CustomFieldsManager.test.tsx > CustomFieldsManager - Component Behavior > Form Display & State Management > should open dialog when 'Add Field' button is clicked
Warning: Missing `Description` or `aria-describedby={undefined}` for {DialogContent}.

stderr | src/components/IssueDetailModal.test.tsx > IssueDetailModal > should show loading state when issue is undefined
Warning: Missing `Description` or `aria-describedby={undefined}` for {DialogContent}.

stderr | src/components/ImportExportModal.test.tsx > ImportExportModal - Component Behavior > Mode Switching Logic > should maintain separate format selections for export and import
Warning: Missing `Description` or `aria-describedby={undefined}` for {DialogContent}.

stderr | src/components/AutomationRulesManager.test.tsx > AutomationRulesManager - Component Behavior > Dialog Display Logic > should close dialog when Cancel clicked
Warning: Missing `Description` or `aria-describedby={undefined}` for {DialogContent}.

stderr | src/components/ui/MarkdownPreviewModal.test.tsx > MarkdownPreviewModal > should call onOpenChange(false) when cancel button clicked
Warning: Missing `Description` or `aria-describedby={undefined}` for {DialogContent}.

stderr | src/components/CreateIssueModal.test.tsx > CreateIssueModal > should allow user to enter story points
Warning: Missing `Description` or `aria-describedby={undefined}` for {DialogContent}.

stderr | src/components/FilterBar.test.tsx > FilterBar > Save Filter Dialog > should open save dialog when clicking Save Filter button
Warning: Missing `Description` or `aria-describedby={undefined}` for {DialogContent}.

stderr | src/components/CustomFieldsManager.test.tsx > CustomFieldsManager - Component Behavior > Form Display & State Management > should reset and hide form when Cancel is clicked
Warning: Missing `Description` or `aria-describedby={undefined}` for {DialogContent}.

stderr | src/components/IssueDetailModal.test.tsx > IssueDetailModal > should render issue details
Warning: Missing `Description` or `aria-describedby={undefined}` for {DialogContent}.

stderr | src/components/ui/MarkdownPreviewModal.test.tsx > MarkdownPreviewModal > should calculate correct line count
Warning: Missing `Description` or `aria-describedby={undefined}` for {DialogContent}.

stderr | src/components/IssueDetailModal.test.tsx > IssueDetailModal > should display issue metadata
Warning: Missing `Description` or `aria-describedby={undefined}` for {DialogContent}.

stderr | src/components/AutomationRulesManager.test.tsx > AutomationRulesManager - Component Behavior > Dialog Display Logic > should reset form when opening create dialog
Warning: Missing `Description` or `aria-describedby={undefined}` for {DialogContent}.

stderr | src/components/CreateIssueModal.test.tsx > CreateIssueModal > should create issue with story points
Warning: Missing `Description` or `aria-describedby={undefined}` for {DialogContent}.

stderr | src/components/ui/MarkdownPreviewModal.test.tsx > MarkdownPreviewModal > should handle markdown without headings
Warning: Missing `Description` or `aria-describedby={undefined}` for {DialogContent}.

stderr | src/components/IssueDetailModal.test.tsx > IssueDetailModal > should display labels
Warning: Missing `Description` or `aria-describedby={undefined}` for {DialogContent}.

stderr | src/components/IssueDetailModal.test.tsx > IssueDetailModal > should show correct type icon
Warning: Missing `Description` or `aria-describedby={undefined}` for {DialogContent}.

stderr | src/components/ui/MarkdownPreviewModal.test.tsx > MarkdownPreviewModal > should handle markdown without lists
Warning: Missing `Description` or `aria-describedby={undefined}` for {DialogContent}.

stderr | src/components/FilterBar.test.tsx > FilterBar > Save Filter Dialog > should close save dialog when clicking Cancel
Warning: Missing `Description` or `aria-describedby={undefined}` for {DialogContent}.

stderr | src/components/ui/MarkdownPreviewModal.test.tsx > MarkdownPreviewModal > should handle markdown without code blocks
Warning: Missing `Description` or `aria-describedby={undefined}` for {DialogContent}.

stderr | src/components/IssueDetailModal.test.tsx > IssueDetailModal > should show priority badge with correct color
Warning: Missing `Description` or `aria-describedby={undefined}` for {DialogContent}.

stderr | src/components/ui/MarkdownPreviewModal.test.tsx > MarkdownPreviewModal > should display filename
Warning: Missing `Description` or `aria-describedby={undefined}` for {DialogContent}.

 [32mΓ£ô[39m src/components/ui/MarkdownPreviewModal.test.tsx [2m([22m[2m13 tests[22m[2m)[22m[33m 5735[2mms[22m[39m
     [33m[2mΓ£ô[22m[39m should render when open [33m 1406[2mms[22m[39m
     [33m[2mΓ£ô[22m[39m should display file statistics [33m 481[2mms[22m[39m
     [33m[2mΓ£ô[22m[39m should show warning about content replacement [33m 535[2mms[22m[39m
     [33m[2mΓ£ô[22m[39m should switch between Preview and Raw tabs [33m 608[2mms[22m[39m
     [33m[2mΓ£ô[22m[39m should display raw markdown in Raw tab [33m 690[2mms[22m[39m
     [33m[2mΓ£ô[22m[39m should call onConfirm when import button clicked [33m 310[2mms[22m[39m
     [33m[2mΓ£ô[22m[39m should call onOpenChange(false) when cancel button clicked [33m 346[2mms[22m[39m
     [33m[2mΓ£ô[22m[39m should handle markdown without headings [33m 341[2mms[22m[39m
     [33m[2mΓ£ô[22m[39m should handle markdown without lists [33m 360[2mms[22m[39m
stderr | src/components/IssueDetailModal.test.tsx > IssueDetailModal > should render TimeTracker component
Warning: Missing `Description` or `aria-describedby={undefined}` for {DialogContent}.

stderr | src/components/GlobalSearch.test.tsx > GlobalSearch > should debounce search input
`DialogContent` requires a `DialogTitle` for the component to be accessible for screen reader users.

If you want to hide the `DialogTitle`, you can wrap it with our VisuallyHidden component.

For more information, see https://radix-ui.com/primitives/docs/components/dialog
Warning: Missing `Description` or `aria-describedby={undefined}` for {DialogContent}.

stderr | src/components/FilterBar.test.tsx > FilterBar > Save Filter Dialog > should validate filter name before saving
Warning: Missing `Description` or `aria-describedby={undefined}` for {DialogContent}.

stderr | src/components/IssueDetailModal.test.tsx > IssueDetailModal > should close modal when close button is clicked
Warning: Missing `Description` or `aria-describedby={undefined}` for {DialogContent}.

stderr | src/components/CustomFieldsManager.test.tsx > CustomFieldsManager - Component Behavior > Form Display & State Management > should show field key input in create mode
Warning: Missing `Description` or `aria-describedby={undefined}` for {DialogContent}.

 [32mΓ£ô[39m src/components/CreateIssueModal.test.tsx [2m([22m[2m3 tests[22m[2m)[22m[33m 4268[2mms[22m[39m
     [33m[2mΓ£ô[22m[39m should render story points input field [33m 1576[2mms[22m[39m
     [33m[2mΓ£ô[22m[39m should allow user to enter story points [33m 575[2mms[22m[39m
     [33m[2mΓ£ô[22m[39m should create issue with story points [33m 2099[2mms[22m[39m
stderr | src/components/ImportExportModal.test.tsx > ImportExportModal - Component Behavior > Export Empty Data Validation > should show error when export data is empty
Warning: Missing `Description` or `aria-describedby={undefined}` for {DialogContent}.

stderr | src/components/IssueDetailModal.test.tsx > IssueDetailModal > should close modal when close button is clicked via dialog-close
Warning: Missing `Description` or `aria-describedby={undefined}` for {DialogContent}.

stderr | src/components/AutomationRulesManager.test.tsx > AutomationRulesManager - Component Behavior > Dialog Display Logic > should reset form when opening create dialog
Warning: Missing `Description` or `aria-describedby={undefined}` for {DialogContent}.

stderr | src/components/CustomFieldsManager.test.tsx > CustomFieldsManager - Component Behavior > Form Display & State Management > should default field type to 'text'
Warning: Missing `Description` or `aria-describedby={undefined}` for {DialogContent}.

stderr | src/components/GlobalSearch.test.tsx > GlobalSearch > should show empty state when query is empty
`DialogContent` requires a `DialogTitle` for the component to be accessible for screen reader users.

If you want to hide the `DialogTitle`, you can wrap it with our VisuallyHidden component.

For more information, see https://radix-ui.com/primitives/docs/components/dialog
Warning: Missing `Description` or `aria-describedby={undefined}` for {DialogContent}.

stderr | src/components/IssueDetailModal.test.tsx > IssueDetailModal > should enter edit mode when Edit button is clicked
Warning: Missing `Description` or `aria-describedby={undefined}` for {DialogContent}.

stderr | src/components/CustomFieldsManager.test.tsx > CustomFieldsManager - Component Behavior > Form Validation > should show error when trying to save with empty name
Warning: Missing `Description` or `aria-describedby={undefined}` for {DialogContent}.

stderr | src/components/AutomationRulesManager.test.tsx > AutomationRulesManager - Component Behavior > Form Validation - Required Fields > should reject save when name is empty
Warning: Missing `Description` or `aria-describedby={undefined}` for {DialogContent}.

stderr | src/components/GlobalSearch.test.tsx > GlobalSearch > should show empty state when no results found
`DialogContent` requires a `DialogTitle` for the component to be accessible for screen reader users.

If you want to hide the `DialogTitle`, you can wrap it with our VisuallyHidden component.

For more information, see https://radix-ui.com/primitives/docs/components/dialog
Warning: Missing `Description` or `aria-describedby={undefined}` for {DialogContent}.

stderr | src/components/FilterBar.test.tsx > FilterBar > Save Filter Dialog > should save filter with name and public flag
Warning: Missing `Description` or `aria-describedby={undefined}` for {DialogContent}.

stderr | src/components/ImportExportModal.test.tsx > ImportExportModal - Component Behavior > Export Empty Data Validation > should show error when export data is whitespace-only
Warning: Missing `Description` or `aria-describedby={undefined}` for {DialogContent}.

stderr | src/components/CustomFieldsManager.test.tsx > CustomFieldsManager - Component Behavior > Form Validation > should show error when trying to save with empty field key
Warning: Missing `Description` or `aria-describedby={undefined}` for {DialogContent}.

stderr | src/components/AutomationRulesManager.test.tsx > AutomationRulesManager - Component Behavior > Form Validation - Required Fields > should reject save when actionValue is empty
Warning: Missing `Description` or `aria-describedby={undefined}` for {DialogContent}.

stderr | src/components/IssueDetailModal.test.tsx > IssueDetailModal > should allow editing title and description
Warning: Missing `Description` or `aria-describedby={undefined}` for {DialogContent}.

stderr | src/components/ImportExportModal.test.tsx > ImportExportModal - Component Behavior > Export Empty Data Validation > should NOT show error when export has valid data
Warning: Missing `Description` or `aria-describedby={undefined}` for {DialogContent}.

stderr | src/components/GlobalSearch.test.tsx > GlobalSearch > should display issue results with correct metadata
`DialogContent` requires a `DialogTitle` for the component to be accessible for screen reader users.

If you want to hide the `DialogTitle`, you can wrap it with our VisuallyHidden component.

For more information, see https://radix-ui.com/primitives/docs/components/dialog
Warning: Missing `Description` or `aria-describedby={undefined}` for {DialogContent}.

stderr | src/components/ImportExportModal.test.tsx > ImportExportModal - Component Behavior > Export Button State > should show 'Exporting...' text when isExporting is true
Warning: Missing `Description` or `aria-describedby={undefined}` for {DialogContent}.

stderr | src/components/ImportExportModal.test.tsx > ImportExportModal - Component Behavior > Export Button State > should disable export button while exporting
Warning: Missing `Description` or `aria-describedby={undefined}` for {DialogContent}.

stderr | src/components/AutomationRulesManager.test.tsx > AutomationRulesManager - Component Behavior > Form Validation - Required Fields > should treat whitespace-only name as empty
Warning: Missing `Description` or `aria-describedby={undefined}` for {DialogContent}.

 [31mΓ¥»[39m src/components/BulkOperationsBar.test.tsx [2m([22m[2m16 tests[22m[2m | [22m[31m1 failed[39m[2m)[22m[33m 9017[2mms[22m[39m
       [32mΓ£ô[39m should not render when no issues selected[32m 61[2mms[22m[39m
       [32mΓ£ô[39m should render when at least one issue is selected[32m 144[2mms[22m[39m
       [32mΓ£ô[39m should use singular 'issue' when exactly 1 selected[32m 26[2mms[22m[39m
       [32mΓ£ô[39m should use plural 'issues' when multiple selected[32m 35[2mms[22m[39m
[31m       [31m├ù[31m should update count when selection changes[39m[32m 84[2mms[22m[39m
       [33m[2mΓ£ô[22m[39m should call onClearSelection when Clear button clicked [33m 829[2mms[22m[39m
       [33m[2mΓ£ô[22m[39m should show singular message in delete dialog for 1 issue [33m 1180[2mms[22m[39m
       [33m[2mΓ£ô[22m[39m should show plural message in delete dialog for multiple issues [33m 550[2mms[22m[39m
       [33m[2mΓ£ô[22m[39m should close dialog when cancel clicked [33m 959[2mms[22m[39m
       [33m[2mΓ£ô[22m[39m should call bulkDelete and onClearSelection after confirm [33m 763[2mms[22m[39m
       [33m[2mΓ£ô[22m[39m should show success toast after delete [33m 861[2mms[22m[39m
       [33m[2mΓ£ô[22m[39m should show error toast when delete fails [33m 885[2mms[22m[39m
       [33m[2mΓ£ô[22m[39m should NOT call onClearSelection when delete fails [33m 658[2mms[22m[39m
       [33m[2mΓ£ô[22m[39m should toggle actions visibility when clicking Show/Hide button [33m 985[2mms[22m[39m
       [32mΓ£ô[39m should show action dropdowns when actions are visible[32m 254[2mms[22m[39m
       [33m[2mΓ£ô[22m[39m should convert Set to Array when calling delete mutation [33m 715[2mms[22m[39m
stderr | src/components/CustomFieldsManager.test.tsx > CustomFieldsManager - Component Behavior > Form Validation > should accept whitespace-only name as invalid
Warning: Missing `Description` or `aria-describedby={undefined}` for {DialogContent}.

[90mstdout[2m | src/components/ui/Card.test.tsx
[22m[39m[PATCH] test-utils.act patched with simple implementation

stderr | src/components/GlobalSearch.test.tsx > GlobalSearch > should display document results
`DialogContent` requires a `DialogTitle` for the component to be accessible for screen reader users.

If you want to hide the `DialogTitle`, you can wrap it with our VisuallyHidden component.

For more information, see https://radix-ui.com/primitives/docs/components/dialog
Warning: Missing `Description` or `aria-describedby={undefined}` for {DialogContent}.

[90mstdout[2m | src/components/ExportButton.test.tsx
[22m[39m[PATCH] test-utils.act patched with simple implementation

stderr | src/components/ImportExportModal.test.tsx > ImportExportModal - Component Behavior > Export Button State > should show correct format in button text when switching formats
Warning: Missing `Description` or `aria-describedby={undefined}` for {DialogContent}.

[90mstdout[2m | src/components/ProjectBoard.test.tsx
[22m[39m[PATCH] test-utils.act patched with simple implementation

[90mstdout[2m | src/components/UserMenu.test.tsx
[22m[39m[PATCH] test-utils.act patched with simple implementation

stderr | src/components/GlobalSearch.test.tsx > GlobalSearch > should close modal when backdrop is clicked
`DialogContent` requires a `DialogTitle` for the component to be accessible for screen reader users.

If you want to hide the `DialogTitle`, you can wrap it with our VisuallyHidden component.

For more information, see https://radix-ui.com/primitives/docs/components/dialog
Warning: Missing `Description` or `aria-describedby={undefined}` for {DialogContent}.

stderr | src/components/FilterBar.test.tsx > FilterBar > Save Filter Dialog > should handle save filter error
Warning: Missing `Description` or `aria-describedby={undefined}` for {DialogContent}.

stderr | src/components/ImportExportModal.test.tsx > ImportExportModal - Component Behavior > Import File Validation > should show error when trying to import without selecting file
Warning: Missing `Description` or `aria-describedby={undefined}` for {DialogContent}.

 [32mΓ£ô[39m src/components/NotificationCenter.test.tsx [2m([22m[2m14 tests[22m[2m)[22m[33m 9236[2mms[22m[39m
     [33m[2mΓ£ô[22m[39m should render notification bell button [33m 1020[2mms[22m[39m
     [33m[2mΓ£ô[22m[39m should open dropdown when bell is clicked [33m 1788[2mms[22m[39m
     [33m[2mΓ£ô[22m[39m should show empty state when no notifications [33m 655[2mms[22m[39m
     [33m[2mΓ£ô[22m[39m should display notification list [33m 980[2mms[22m[39m
     [33m[2mΓ£ô[22m[39m should highlight unread notifications [33m 809[2mms[22m[39m
     [33m[2mΓ£ô[22m[39m should call markAsRead when mark as read button is clicked [33m 794[2mms[22m[39m
     [33m[2mΓ£ô[22m[39m should call markAllAsRead when mark all read button is clicked [33m 615[2mms[22m[39m
     [33m[2mΓ£ô[22m[39m should call remove when delete button is clicked [33m 730[2mms[22m[39m
     [33m[2mΓ£ô[22m[39m should format time correctly [33m 551[2mms[22m[39m
     [33m[2mΓ£ô[22m[39m should show correct icon for notification type [33m 574[2mms[22m[39m
     [33m[2mΓ£ô[22m[39m should close dropdown when backdrop is clicked [33m 590[2mms[22m[39m
stderr | src/components/AutomationRulesManager.test.tsx > AutomationRulesManager - Component Behavior > Form Validation - Required Fields > should treat whitespace-only actionValue as empty
Warning: Missing `Description` or `aria-describedby={undefined}` for {DialogContent}.

stderr | src/components/GlobalSearch.test.tsx > GlobalSearch > should close modal when Escape is pressed
`DialogContent` requires a `DialogTitle` for the component to be accessible for screen reader users.

If you want to hide the `DialogTitle`, you can wrap it with our VisuallyHidden component.

For more information, see https://radix-ui.com/primitives/docs/components/dialog
Warning: Missing `Description` or `aria-describedby={undefined}` for {DialogContent}.

stderr | src/components/IssueDetailModal.test.tsx > IssueDetailModal > should call update mutation when Save is clicked
Warning: Missing `Description` or `aria-describedby={undefined}` for {DialogContent}.

stderr | src/components/ImportExportModal.test.tsx > ImportExportModal - Component Behavior > Import File Validation > should disable import button when no file selected
Warning: Missing `Description` or `aria-describedby={undefined}` for {DialogContent}.

stderr | src/components/GlobalSearch.test.tsx > GlobalSearch > should show result count
`DialogContent` requires a `DialogTitle` for the component to be accessible for screen reader users.

If you want to hide the `DialogTitle`, you can wrap it with our VisuallyHidden component.

For more information, see https://radix-ui.com/primitives/docs/components/dialog
Warning: Missing `Description` or `aria-describedby={undefined}` for {DialogContent}.

stderr | src/components/CustomFieldsManager.test.tsx > CustomFieldsManager - Component Behavior > Field Key Transformation > should convert field key to lowercase
Warning: Missing `Description` or `aria-describedby={undefined}` for {DialogContent}.

stderr | src/components/FilterBar.test.tsx > FilterBar > Save Filter Dialog > should reset form fields when save dialog is closed
Warning: Missing `Description` or `aria-describedby={undefined}` for {DialogContent}.

stderr | src/components/ImportExportModal.test.tsx > ImportExportModal - Component Behavior > Import File Validation > should enable import button after file is selected
Warning: Missing `Description` or `aria-describedby={undefined}` for {DialogContent}.

stderr | src/components/AutomationRulesManager.test.tsx > AutomationRulesManager - Component Behavior > JSON Validation Logic > should reject invalid JSON in actionValue
Warning: Missing `Description` or `aria-describedby={undefined}` for {DialogContent}.

stderr | src/components/GlobalSearch.test.tsx > GlobalSearch > should navigate to issue when result is clicked
`DialogContent` requires a `DialogTitle` for the component to be accessible for screen reader users.

If you want to hide the `DialogTitle`, you can wrap it with our VisuallyHidden component.

For more information, see https://radix-ui.com/primitives/docs/components/dialog
Warning: Missing `Description` or `aria-describedby={undefined}` for {DialogContent}.

stderr | src/components/ImportExportModal.test.tsx > ImportExportModal - Component Behavior > File Selection Display > should display selected file name and size
Warning: Missing `Description` or `aria-describedby={undefined}` for {DialogContent}.

Not implemented: navigation to another Document
 [32mΓ£ô[39m src/components/GlobalSearch.test.tsx [2m([22m[2m16 tests[22m[2m)[22m[33m 11695[2mms[22m[39m
     [33m[2mΓ£ô[22m[39m should render search button [33m 1013[2mms[22m[39m
     [33m[2mΓ£ô[22m[39m should open modal when search button is clicked [33m 1098[2mms[22m[39m
     [33m[2mΓ£ô[22m[39m should open modal when Cmd+K is pressed [33m 477[2mms[22m[39m
     [33m[2mΓ£ô[22m[39m should open modal when Ctrl+K is pressed [33m 520[2mms[22m[39m
     [33m[2mΓ£ô[22m[39m should show all tabs: All, Issues, Documents [33m 394[2mms[22m[39m
     [33m[2mΓ£ô[22m[39m should filter by tab selection [33m 1969[2mms[22m[39m
     [33m[2mΓ£ô[22m[39m should debounce search input [33m 1009[2mms[22m[39m
     [33m[2mΓ£ô[22m[39m should show empty state when query is empty [33m 383[2mms[22m[39m
     [33m[2mΓ£ô[22m[39m should show empty state when no results found [33m 1088[2mms[22m[39m
     [33m[2mΓ£ô[22m[39m should display issue results with correct metadata [33m 717[2mms[22m[39m
     [33m[2mΓ£ô[22m[39m should display document results [33m 687[2mms[22m[39m
     [33m[2mΓ£ô[22m[39m should close modal when backdrop is clicked [33m 368[2mms[22m[39m
     [33m[2mΓ£ô[22m[39m should close modal when Escape is pressed [33m 348[2mms[22m[39m
     [33m[2mΓ£ô[22m[39m should show result count [33m 789[2mms[22m[39m
     [33m[2mΓ£ô[22m[39m should navigate to issue when result is clicked [33m 794[2mms[22m[39m
stderr | src/components/IssueDetailModal.test.tsx > IssueDetailModal > should exit edit mode when Cancel is clicked
Warning: Missing `Description` or `aria-describedby={undefined}` for {DialogContent}.

stderr | src/components/ImportExportModal.test.tsx > ImportExportModal - Component Behavior > File Selection Display > should calculate file size correctly
Warning: Missing `Description` or `aria-describedby={undefined}` for {DialogContent}.

stderr | src/components/AutomationRulesManager.test.tsx > AutomationRulesManager - Component Behavior > JSON Validation Logic > should accept valid JSON in actionValue
Warning: Missing `Description` or `aria-describedby={undefined}` for {DialogContent}.

 [32mΓ£ô[39m src/components/CustomFieldValues.test.tsx [2m([22m[2m32 tests[22m[2m)[22m[33m 13475[2mms[22m[39m
       [33m[2mΓ£ô[22m[39m should trim value before saving [33m 2783[2mms[22m[39m
       [33m[2mΓ£ô[22m[39m should call removeValue when saving whitespace-only value [33m 1315[2mms[22m[39m
       [33m[2mΓ£ô[22m[39m should call removeValue when saving empty value [33m 626[2mms[22m[39m
       [33m[2mΓ£ô[22m[39m should show edit form when Edit button clicked [33m 501[2mms[22m[39m
       [33m[2mΓ£ô[22m[39m should populate edit form with current value [33m 322[2mms[22m[39m
       [33m[2mΓ£ô[22m[39m should close edit mode when Cancel clicked [33m 1343[2mms[22m[39m
       [33m[2mΓ£ô[22m[39m should close edit mode and clear form after successful save [33m 678[2mms[22m[39m
       [33m[2mΓ£ô[22m[39m should store checkbox as 'true' string when checked [33m 469[2mms[22m[39m
       [33m[2mΓ£ô[22m[39m should store checkbox as 'false' string when unchecked [33m 668[2mms[22m[39m
       [33m[2mΓ£ô[22m[39m should display unchecked checkbox when value is not 'true' [33m 311[2mms[22m[39m
       [33m[2mΓ£ô[22m[39m should add option to comma-separated value when checked [33m 608[2mms[22m[39m
       [33m[2mΓ£ô[22m[39m should handle multiple selections with comma separation [33m 551[2mms[22m[39m
       [33m[2mΓ£ô[22m[39m should remove option from comma-separated value when unchecked [33m 634[2mms[22m[39m
       [33m[2mΓ£ô[22m[39m should show error toast when save fails [33m 710[2mms[22m[39m
       [33m[2mΓ£ô[22m[39m should show generic error when error has no message [33m 543[2mms[22m[39m
stderr | src/components/FilterBar.test.tsx > FilterBar > Save Filter Dialog > should reset form fields when save dialog is closed
Warning: Missing `Description` or `aria-describedby={undefined}` for {DialogContent}.

stderr | src/components/CustomFieldsManager.test.tsx > CustomFieldsManager - Component Behavior > Field Key Transformation > should replace spaces with underscores in field key
Warning: Missing `Description` or `aria-describedby={undefined}` for {DialogContent}.

stderr | src/components/ImportExportModal.test.tsx > ImportExportModal - Component Behavior > Import Success Message Formatting > should use singular 'issue' when importing 1 issue
Warning: Missing `Description` or `aria-describedby={undefined}` for {DialogContent}.

stderr | src/components/IssueDetailModal.test.tsx > IssueDetailModal > should show No description provided when description is empty
Warning: Missing `Description` or `aria-describedby={undefined}` for {DialogContent}.

stderr | src/components/IssueDetailModal.test.tsx > IssueDetailModal > should show Unassigned when no assignee
Warning: Missing `Description` or `aria-describedby={undefined}` for {DialogContent}.

stderr | src/components/IssueDetailModal.test.tsx > IssueDetailModal > should not show Labels section when no labels
Warning: Missing `Description` or `aria-describedby={undefined}` for {DialogContent}.

 [32mΓ£ô[39m src/components/FilterBar.test.tsx [2m([22m[2m21 tests[22m[2m)[22m[33m 12952[2mms[22m[39m
       [33m[2mΓ£ô[22m[39m should load filter when selecting from dropdown [33m 1067[2mms[22m[39m
       [33m[2mΓ£ô[22m[39m should load filter when clicking quick filter button [33m 890[2mms[22m[39m
       [33m[2mΓ£ô[22m[39m should display correct active filter count [33m 603[2mms[22m[39m
       [33m[2mΓ£ô[22m[39m should clear filters when clicking Clear button [33m 512[2mms[22m[39m
       [33m[2mΓ£ô[22m[39m should open save dialog when clicking Save Filter button [33m 745[2mms[22m[39m
       [33m[2mΓ£ô[22m[39m should close save dialog when clicking Cancel [33m 1258[2mms[22m[39m
       [33m[2mΓ£ô[22m[39m should validate filter name before saving [33m 1219[2mms[22m[39m
       [33m[2mΓ£ô[22m[39m should save filter with name and public flag [33m 2512[2mms[22m[39m
       [33m[2mΓ£ô[22m[39m should handle save filter error [33m 1053[2mms[22m[39m
       [33m[2mΓ£ô[22m[39m should reset form fields when save dialog is closed [33m 1860[2mms[22m[39m
stderr | src/components/IssueDetailModal.test.tsx > IssueDetailModal > should handle save error gracefully
Warning: Missing `Description` or `aria-describedby={undefined}` for {DialogContent}.

stderr | src/components/AutomationRulesManager.test.tsx > AutomationRulesManager - Component Behavior > JSON Validation Logic > should accept empty object as valid JSON
Warning: Missing `Description` or `aria-describedby={undefined}` for {DialogContent}.

stderr | src/components/ImportExportModal.test.tsx > ImportExportModal - Component Behavior > Import Success Message Formatting > should use plural 'issues' when importing multiple
Warning: Missing `Description` or `aria-describedby={undefined}` for {DialogContent}.

[90mstdout[2m | src/components/ui/LoadingSpinner.test.tsx
[22m[39m[PATCH] test-utils.act patched with simple implementation

[90mstdout[2m | src/components/SectionErrorFallback.test.tsx
[22m[39m[PATCH] test-utils.act patched with simple implementation

[90mstdout[2m | convex/invites.test.ts
[22m[39m[PATCH] test-utils.act patched with simple implementation

stderr | src/components/ImportExportModal.test.tsx > ImportExportModal - Component Behavior > Import Success Message Formatting > should include failure count in success message when some failed
Warning: Missing `Description` or `aria-describedby={undefined}` for {DialogContent}.

stderr | src/components/IssueDetailModal.test.tsx > IssueDetailModal > should display story points in metadata
Warning: Missing `Description` or `aria-describedby={undefined}` for {DialogContent}.

stderr | src/components/AutomationRulesManager.test.tsx > AutomationRulesManager - Component Behavior > JSON Validation Logic > should accept complex nested JSON
Warning: Missing `Description` or `aria-describedby={undefined}` for {DialogContent}.

stderr | src/components/CustomFieldsManager.test.tsx > CustomFieldsManager - Component Behavior > Field Key Transformation > should replace multiple spaces with single underscore
Warning: Missing `Description` or `aria-describedby={undefined}` for {DialogContent}.

stderr | src/components/IssueDetailModal.test.tsx > IssueDetailModal > should show 'Not set' when story points is undefined
Warning: Missing `Description` or `aria-describedby={undefined}` for {DialogContent}.

stderr | src/components/IssueDetailModal.test.tsx > IssueDetailModal > should display decimal story points correctly
Warning: Missing `Description` or `aria-describedby={undefined}` for {DialogContent}.

 [32mΓ£ô[39m src/components/IssueDetailModal.test.tsx [2m([22m[2m20 tests[22m[2m)[22m[33m 12011[2mms[22m[39m
     [33m[2mΓ£ô[22m[39m should show loading state when issue is undefined [33m 1584[2mms[22m[39m
     [33m[2mΓ£ô[22m[39m should render issue details [33m 361[2mms[22m[39m
     [33m[2mΓ£ô[22m[39m should display labels [33m 306[2mms[22m[39m
     [33m[2mΓ£ô[22m[39m should show correct type icon [33m 313[2mms[22m[39m
     [33m[2mΓ£ô[22m[39m should close modal when close button is clicked [33m 771[2mms[22m[39m
     [33m[2mΓ£ô[22m[39m should close modal when close button is clicked via dialog-close [33m 308[2mms[22m[39m
     [33m[2mΓ£ô[22m[39m should enter edit mode when Edit button is clicked [33m 612[2mms[22m[39m
     [33m[2mΓ£ô[22m[39m should allow editing title and description [33m 2525[2mms[22m[39m
     [33m[2mΓ£ô[22m[39m should call update mutation when Save is clicked [33m 1683[2mms[22m[39m
     [33m[2mΓ£ô[22m[39m should exit edit mode when Cancel is clicked [33m 779[2mms[22m[39m
     [33m[2mΓ£ô[22m[39m should handle save error gracefully [33m 1139[2mms[22m[39m
[90mstdout[2m | src/components/Dashboard/MyIssuesList.test.tsx
[22m[39m[PATCH] test-utils.act patched with simple implementation

stderr | src/components/ImportExportModal.test.tsx > ImportExportModal - Component Behavior > Import Success Message Formatting > should NOT show failure count when all succeeded
Warning: Missing `Description` or `aria-describedby={undefined}` for {DialogContent}.

stderr | src/components/AutomationRulesManager.test.tsx > AutomationRulesManager - Component Behavior > Whitespace Trimming Logic > should trim name before sending
Warning: Missing `Description` or `aria-describedby={undefined}` for {DialogContent}.

stderr | src/components/ImportExportModal.test.tsx > ImportExportModal - Component Behavior > Import Error Handling > should show error when no issues were imported
Warning: Missing `Description` or `aria-describedby={undefined}` for {DialogContent}.

stderr | src/components/CustomFieldsManager.test.tsx > CustomFieldsManager - Component Behavior > Options Field Conditional Display > should not show options field for text type
Warning: Missing `Description` or `aria-describedby={undefined}` for {DialogContent}.

stderr | src/components/CustomFieldsManager.test.tsx > CustomFieldsManager - Component Behavior > Options Field Conditional Display > should show options field when select type is chosen
Warning: Missing `Description` or `aria-describedby={undefined}` for {DialogContent}.

stderr | src/components/AutomationRulesManager.test.tsx > AutomationRulesManager - Component Behavior > Whitespace Trimming Logic > should convert empty description to undefined
Warning: Missing `Description` or `aria-describedby={undefined}` for {DialogContent}.

 [32mΓ£ô[39m src/components/ExportButton.test.tsx [2m([22m[2m10 tests[22m[2m)[22m[33m 2869[2mms[22m[39m
     [33m[2mΓ£ô[22m[39m should render import/export button [33m 861[2mms[22m[39m
     [33m[2mΓ£ô[22m[39m should open modal when button is clicked [33m 334[2mms[22m[39m
     [33m[2mΓ£ô[22m[39m should close modal when onClose is called [33m 540[2mms[22m[39m
     [33m[2mΓ£ô[22m[39m should work with different projectIds [33m 476[2mms[22m[39m
stderr | src/components/ImportExportModal.test.tsx > ImportExportModal - Component Behavior > Import Error Handling > should show error message when import fails
Warning: Missing `Description` or `aria-describedby={undefined}` for {DialogContent}.

[90mstdout[2m | convex/analytics.test.ts
[22m[39m[PATCH] test-utils.act patched with simple implementation

stderr | src/components/CustomFieldsManager.test.tsx > CustomFieldsManager - Component Behavior > Options Field Conditional Display > should show options field when multiselect type is chosen
Warning: Missing `Description` or `aria-describedby={undefined}` for {DialogContent}.

[90mstdout[2m | src/components/AnalyticsDashboard.test.tsx
[22m[39m[PATCH] test-utils.act patched with simple implementation

stderr | src/components/AutomationRulesManager.test.tsx > AutomationRulesManager - Component Behavior > Whitespace Trimming Logic > should convert whitespace-only description to undefined
Warning: Missing `Description` or `aria-describedby={undefined}` for {DialogContent}.

stderr | src/components/CustomFieldsManager.test.tsx > CustomFieldsManager - Component Behavior > Options Field Conditional Display > should hide options field when switching from select to text
Warning: Missing `Description` or `aria-describedby={undefined}` for {DialogContent}.

 [32mΓ£ô[39m src/components/ui/Card.test.tsx [2m([22m[2m48 tests[22m[2m)[22m[33m 3673[2mms[22m[39m
       [33m[2mΓ£ô[22m[39m should have button role when onClick is provided [33m 629[2mms[22m[39m
       [33m[2mΓ£ô[22m[39m should call onClick multiple times [33m 349[2mms[22m[39m
stderr | src/components/ImportExportModal.test.tsx > ImportExportModal - Component Behavior > Import Error Handling > should show generic error when error has no message
Warning: Missing `Description` or `aria-describedby={undefined}` for {DialogContent}.

stderr | src/components/CustomFieldsManager.test.tsx > CustomFieldsManager - Component Behavior > Options Parsing Logic > should parse comma-separated options correctly
Warning: Missing `Description` or `aria-describedby={undefined}` for {DialogContent}.

stderr | src/components/AutomationRulesManager.test.tsx > AutomationRulesManager - Component Behavior > Whitespace Trimming Logic > should convert empty triggerValue to undefined
Warning: Missing `Description` or `aria-describedby={undefined}` for {DialogContent}.

stderr | src/components/ImportExportModal.test.tsx > ImportExportModal - Component Behavior > Import Button State > should show 'Importing...' text while importing
Warning: Missing `Description` or `aria-describedby={undefined}` for {DialogContent}.

stderr | src/components/AutomationRulesManager.test.tsx > AutomationRulesManager - Component Behavior > Edit Mode Behavior > should populate form when Edit clicked
Warning: Missing `Description` or `aria-describedby={undefined}` for {DialogContent}.

stderr | src/components/AutomationRulesManager.test.tsx > AutomationRulesManager - Component Behavior > Edit Mode Behavior > should show 'Edit Automation Rule' title in edit mode
Warning: Missing `Description` or `aria-describedby={undefined}` for {DialogContent}.

stderr | src/components/AutomationRulesManager.test.tsx > AutomationRulesManager - Component Behavior > Edit Mode Behavior > should show 'Update Rule' button in edit mode
Warning: Missing `Description` or `aria-describedby={undefined}` for {DialogContent}.

stderr | src/components/ImportExportModal.test.tsx > ImportExportModal - Component Behavior > Import Button State > should disable import button while importing
Warning: Missing `Description` or `aria-describedby={undefined}` for {DialogContent}.

[90mstdout[2m | src/components/Settings/ProfileContent.test.tsx
[22m[39m[PATCH] test-utils.act patched with simple implementation

stderr | src/components/AutomationRulesManager.test.tsx > AutomationRulesManager - Component Behavior > Edit Mode Behavior > should preserve selected trigger and action type in edit mode
Warning: Missing `Description` or `aria-describedby={undefined}` for {DialogContent}.

stderr | src/components/AutomationRulesManager.test.tsx > AutomationRulesManager - Component Behavior > Edit Mode Behavior > should call updateRule instead of createRule when saving in edit mode
Warning: Missing `Description` or `aria-describedby={undefined}` for {DialogContent}.

[90mstdout[2m | src/components/Settings/PreferencesTab.test.tsx
[22m[39m[PATCH] test-utils.act patched with simple implementation

 [32mΓ£ô[39m src/components/ui/LoadingSpinner.test.tsx [2m([22m[2m36 tests[22m[2m)[22m[33m 2146[2mms[22m[39m
       [33m[2mΓ£ô[22m[39m should render with default props [33m 660[2mms[22m[39m
stderr | src/components/AutomationRulesManager.test.tsx > AutomationRulesManager - Component Behavior > Edit Mode Behavior > should handle missing description in edit mode
Warning: Missing `Description` or `aria-describedby={undefined}` for {DialogContent}.

stderr | src/components/ImportExportModal.test.tsx > ImportExportModal - Component Behavior > Modal Close Behavior > should close modal after successful import
Warning: Missing `Description` or `aria-describedby={undefined}` for {DialogContent}.

stderr | src/components/CustomFieldsManager.test.tsx > CustomFieldsManager - Component Behavior > Options Parsing Logic > should trim whitespace from options
Warning: Missing `Description` or `aria-describedby={undefined}` for {DialogContent}.

stderr | src/components/AutomationRulesManager.test.tsx > AutomationRulesManager - Component Behavior > Edit Mode Behavior > should handle missing triggerValue in edit mode
Warning: Missing `Description` or `aria-describedby={undefined}` for {DialogContent}.

 [32mΓ£ô[39m src/components/SectionErrorFallback.test.tsx [2m([22m[2m21 tests[22m[2m)[22m[33m 2314[2mms[22m[39m
       [33m[2mΓ£ô[22m[39m should render provided title [33m 504[2mms[22m[39m
       [33m[2mΓ£ô[22m[39m should call onRetry multiple times when clicked multiple times [33m 357[2mms[22m[39m
stderr | src/components/ImportExportModal.test.tsx > ImportExportModal - Component Behavior > Modal Close Behavior > should NOT close modal when import fails
Warning: Missing `Description` or `aria-describedby={undefined}` for {DialogContent}.

stderr | src/components/AutomationRulesManager.test.tsx > AutomationRulesManager - Component Behavior > Success & Error Handling > should show success toast and close dialog after create
Warning: Missing `Description` or `aria-describedby={undefined}` for {DialogContent}.

[90mstdout[2m | src/components/ErrorBoundary.test.tsx
[22m[39m[PATCH] test-utils.act patched with simple implementation

 [32mΓ£ô[39m src/components/Dashboard/MyIssuesList.test.tsx [2m([22m[2m18 tests[22m[2m)[22m[33m 1928[2mms[22m[39m
     [33m[2mΓ£ô[22m[39m should call onFilterChange when switching to assigned tab [33m 622[2mms[22m[39m
     [33m[2mΓ£ô[22m[39m should render multiple issues with staggered animation [33m 378[2mms[22m[39m
stderr | src/components/AutomationRulesManager.test.tsx > AutomationRulesManager - Component Behavior > Success & Error Handling > should show success toast and close dialog after update
Warning: Missing `Description` or `aria-describedby={undefined}` for {DialogContent}.

[90mstdout[2m | convex/issues.test.ts
[22m[39m[PATCH] test-utils.act patched with simple implementation

stderr | src/components/ImportExportModal.test.tsx > ImportExportModal - Component Behavior > File Accept Attribute > should accept .csv files when CSV format selected
Warning: Missing `Description` or `aria-describedby={undefined}` for {DialogContent}.

stderr | src/components/ImportExportModal.test.tsx > ImportExportModal - Component Behavior > File Accept Attribute > should accept .json files when JSON format selected
Warning: Missing `Description` or `aria-describedby={undefined}` for {DialogContent}.

stderr | src/components/AutomationRulesManager.test.tsx > AutomationRulesManager - Component Behavior > Success & Error Handling > should show error toast when create fails
Warning: Missing `Description` or `aria-describedby={undefined}` for {DialogContent}.

 [32mΓ£ô[39m src/components/ImportExportModal.test.tsx [2m([22m[2m28 tests[22m[2m)[22m[33m 22201[2mms[22m[39m
       [33m[2mΓ£ô[22m[39m should default to export mode [33m 1475[2mms[22m[39m
       [33m[2mΓ£ô[22m[39m should switch to import mode when Import button clicked [33m 671[2mms[22m[39m
       [33m[2mΓ£ô[22m[39m should switch back to export mode when Export button clicked [33m 675[2mms[22m[39m
       [33m[2mΓ£ô[22m[39m should maintain separate format selections for export and import [33m 2253[2mms[22m[39m
       [33m[2mΓ£ô[22m[39m should show error when export data is empty [33m 788[2mms[22m[39m
       [33m[2mΓ£ô[22m[39m should show error when export data is whitespace-only [33m 540[2mms[22m[39m
       [33m[2mΓ£ô[22m[39m should NOT show error when export has valid data [33m 526[2mms[22m[39m
       [33m[2mΓ£ô[22m[39m should show 'Exporting...' text when isExporting is true [33m 548[2mms[22m[39m
       [33m[2mΓ£ô[22m[39m should disable export button while exporting [33m 421[2mms[22m[39m
       [33m[2mΓ£ô[22m[39m should show correct format in button text when switching formats [33m 842[2mms[22m[39m
       [33m[2mΓ£ô[22m[39m should show error when trying to import without selecting file [33m 471[2mms[22m[39m
       [33m[2mΓ£ô[22m[39m should disable import button when no file selected [33m 557[2mms[22m[39m
       [33m[2mΓ£ô[22m[39m should enable import button after file is selected [33m 768[2mms[22m[39m
       [33m[2mΓ£ô[22m[39m should calculate file size correctly [33m 410[2mms[22m[39m
       [33m[2mΓ£ô[22m[39m should use singular 'issue' when importing 1 issue [33m 918[2mms[22m[39m
       [33m[2mΓ£ô[22m[39m should use plural 'issues' when importing multiple [33m 806[2mms[22m[39m
       [33m[2mΓ£ô[22m[39m should include failure count in success message when some failed [33m 932[2mms[22m[39m
       [33m[2mΓ£ô[22m[39m should NOT show failure count when all succeeded [33m 1026[2mms[22m[39m
       [33m[2mΓ£ô[22m[39m should show error when no issues were imported [33m 984[2mms[22m[39m
       [33m[2mΓ£ô[22m[39m should show error message when import fails [33m 1090[2mms[22m[39m
       [33m[2mΓ£ô[22m[39m should show generic error when error has no message [33m 835[2mms[22m[39m
       [33m[2mΓ£ô[22m[39m should show 'Importing...' text while importing [33m 710[2mms[22m[39m
       [33m[2mΓ£ô[22m[39m should disable import button while importing [33m 1187[2mms[22m[39m
       [33m[2mΓ£ô[22m[39m should close modal after successful import [33m 850[2mms[22m[39m
       [33m[2mΓ£ô[22m[39m should NOT close modal when import fails [33m 911[2mms[22m[39m
       [33m[2mΓ£ô[22m[39m should accept .json files when JSON format selected [33m 423[2mms[22m[39m
[90mstdout[2m | convex/apiKeys.test.ts
[22m[39m[PATCH] test-utils.act patched with simple implementation

 [32mΓ£ô[39m src/components/AnalyticsDashboard.test.tsx [2m([22m[2m12 tests[22m[2m)[22m[33m 1633[2mms[22m[39m
stderr | src/components/AutomationRulesManager.test.tsx > AutomationRulesManager - Component Behavior > Success & Error Handling > should show generic error when error has no message
Warning: Missing `Description` or `aria-describedby={undefined}` for {DialogContent}.

 [32mΓ£ô[39m convex/invites.test.ts [2m([22m[2m6 tests[22m[2m)[22m[33m 2410[2mms[22m[39m
       [33m[2mΓ£ô[22m[39m should send a platform invite from admin [33m 2276[2mms[22m[39m
 [32mΓ£ô[39m src/components/AutomationRulesManager.test.tsx [2m([22m[2m43 tests[22m[2m)[22m[33m 23080[2mms[22m[39m
       [33m[2mΓ£ô[22m[39m should show Create Rule button [33m 886[2mms[22m[39m
       [33m[2mΓ£ô[22m[39m should show dialog when Create Rule clicked [33m 991[2mms[22m[39m
       [33m[2mΓ£ô[22m[39m should close dialog when Cancel clicked [33m 806[2mms[22m[39m
       [33m[2mΓ£ô[22m[39m should reset form when opening create dialog [33m 2465[2mms[22m[39m
       [33m[2mΓ£ô[22m[39m should reject save when name is empty [33m 511[2mms[22m[39m
       [33m[2mΓ£ô[22m[39m should reject save when actionValue is empty [33m 1331[2mms[22m[39m
       [33m[2mΓ£ô[22m[39m should treat whitespace-only name as empty [33m 806[2mms[22m[39m
       [33m[2mΓ£ô[22m[39m should treat whitespace-only actionValue as empty [33m 1235[2mms[22m[39m
       [33m[2mΓ£ô[22m[39m should reject invalid JSON in actionValue [33m 1066[2mms[22m[39m
       [33m[2mΓ£ô[22m[39m should accept valid JSON in actionValue [33m 1083[2mms[22m[39m
       [33m[2mΓ£ô[22m[39m should accept empty object as valid JSON [33m 1153[2mms[22m[39m
       [33m[2mΓ£ô[22m[39m should accept complex nested JSON [33m 840[2mms[22m[39m
       [33m[2mΓ£ô[22m[39m should trim name before sending [33m 1603[2mms[22m[39m
       [33m[2mΓ£ô[22m[39m should convert empty description to undefined [33m 923[2mms[22m[39m
       [33m[2mΓ£ô[22m[39m should convert whitespace-only description to undefined [33m 974[2mms[22m[39m
       [33m[2mΓ£ô[22m[39m should convert empty triggerValue to undefined [33m 711[2mms[22m[39m
       [33m[2mΓ£ô[22m[39m should show 'Update Rule' button in edit mode [33m 305[2mms[22m[39m
       [33m[2mΓ£ô[22m[39m should call updateRule instead of createRule when saving in edit mode [33m 479[2mms[22m[39m
       [33m[2mΓ£ô[22m[39m should show success toast and close dialog after create [33m 801[2mms[22m[39m
       [33m[2mΓ£ô[22m[39m should show success toast and close dialog after update [33m 389[2mms[22m[39m
       [33m[2mΓ£ô[22m[39m should show error toast when create fails [33m 853[2mms[22m[39m
       [33m[2mΓ£ô[22m[39m should show generic error when error has no message [33m 964[2mms[22m[39m
stderr | src/components/CustomFieldsManager.test.tsx > CustomFieldsManager - Component Behavior > Options Parsing Logic > should filter out empty options
Warning: Missing `Description` or `aria-describedby={undefined}` for {DialogContent}.

 [32mΓ£ô[39m src/components/UserMenu.test.tsx [2m([22m[2m3 tests[22m[2m)[22m[33m 3128[2mms[22m[39m
     [33m[2mΓ£ô[22m[39m renders user avatar [33m 832[2mms[22m[39m
     [33m[2mΓ£ô[22m[39m opens menu and shows user details [33m 1195[2mms[22m[39m
     [33m[2mΓ£ô[22m[39m calls signOut when sign out is clicked [33m 1092[2mms[22m[39m
[90mstdout[2m | convex/webhooks.test.ts
[22m[39m[PATCH] test-utils.act patched with simple implementation

 [32mΓ£ô[39m src/components/ProjectBoard.test.tsx [2m([22m[2m13 tests[22m[2m)[22m[33m 2937[2mms[22m[39m
     [33m[2mΓ£ô[22m[39m should switch to backlog when clicking Backlog tab [33m 635[2mms[22m[39m
     [33m[2mΓ£ô[22m[39m should switch to analytics view when clicking Analytics tab [33m 487[2mms[22m[39m
     [33m[2mΓ£ô[22m[39m should highlight active tab [33m 641[2mms[22m[39m
 [32mΓ£ô[39m convex/analytics.test.ts [2m([22m[2m23 tests[22m[2m)[22m[33m 2212[2mms[22m[39m
       [33m[2mΓ£ô[22m[39m should deny unauthenticated users [33m 1043[2mms[22m[39m
       [33m[2mΓ£ô[22m[39m should return burndown data for a sprint [33m 564[2mms[22m[39m
 [32mΓ£ô[39m src/components/Settings/ProfileContent.test.tsx [2m([22m[2m2 tests[22m[2m)[22m[33m 1735[2mms[22m[39m
     [33m[2mΓ£ô[22m[39m allows editing profile [33m 1521[2mms[22m[39m
 [32mΓ£ô[39m src/components/Settings/PreferencesTab.test.tsx [2m([22m[2m2 tests[22m[2m)[22m[33m 1120[2mms[22m[39m
     [33m[2mΓ£ô[22m[39m changes theme when clicked [33m 879[2mms[22m[39m
stderr | src/components/CustomFieldsManager.test.tsx > CustomFieldsManager - Component Behavior > Options Parsing Logic > should not send options for non-select field types
Warning: Missing `Description` or `aria-describedby={undefined}` for {DialogContent}.

[90mstdout[2m | convex/automationRules.test.ts
[22m[39m[PATCH] test-utils.act patched with simple implementation

[90mstdout[2m | convex/sprints.test.ts
[22m[39m[PATCH] test-utils.act patched with simple implementation

stderr | src/components/CustomFieldsManager.test.tsx > CustomFieldsManager - Component Behavior > Edit Mode Behavior > should populate form with existing field data when Edit is clicked
Warning: Missing `Description` or `aria-describedby={undefined}` for {DialogContent}.

 [32mΓ£ô[39m src/components/ErrorBoundary.test.tsx [2m([22m[2m6 tests[22m[2m)[22m[33m 1304[2mms[22m[39m
     [33m[2mΓ£ô[22m[39m should render default error UI when an error occurs [33m 867[2mms[22m[39m
stderr | src/components/CustomFieldsManager.test.tsx > CustomFieldsManager - Component Behavior > Edit Mode Behavior > should show 'Edit Field' title in edit mode
Warning: Missing `Description` or `aria-describedby={undefined}` for {DialogContent}.

stderr | src/components/CustomFieldsManager.test.tsx > CustomFieldsManager - Component Behavior > Edit Mode Behavior > should hide field key input in edit mode
Warning: Missing `Description` or `aria-describedby={undefined}` for {DialogContent}.

stderr | src/components/CustomFieldsManager.test.tsx > CustomFieldsManager - Component Behavior > Edit Mode Behavior > should disable field type selector in edit mode
Warning: Missing `Description` or `aria-describedby={undefined}` for {DialogContent}.

stderr | src/components/CustomFieldsManager.test.tsx > CustomFieldsManager - Component Behavior > Edit Mode Behavior > should show 'Update Field' button in edit mode
Warning: Missing `Description` or `aria-describedby={undefined}` for {DialogContent}.

 [32mΓ£ô[39m convex/issues.test.ts [2m([22m[2m22 tests[22m[2m)[22m[33m 656[2mms[22m[39m
stderr | src/components/CustomFieldsManager.test.tsx > CustomFieldsManager - Component Behavior > Edit Mode Behavior > should convert options array to comma-separated string in edit mode
Warning: Missing `Description` or `aria-describedby={undefined}` for {DialogContent}.

stderr | src/components/CustomFieldsManager.test.tsx > CustomFieldsManager - Component Behavior > Edit Mode Behavior > should not require field key validation in edit mode
Warning: Missing `Description` or `aria-describedby={undefined}` for {DialogContent}.

 [32mΓ£ô[39m convex/apiKeys.test.ts [2m([22m[2m12 tests[22m[2m)[22m[33m 399[2mms[22m[39m
[90mstdout[2m | convex/documents.test.ts
[22m[39m[PATCH] test-utils.act patched with simple implementation

[90mstdout[2m | convex/notifications.test.ts
[22m[39m[PATCH] test-utils.act patched with simple implementation

stderr | src/components/CustomFieldsManager.test.tsx > CustomFieldsManager - Component Behavior > Success & Error Handling > should show success toast and reset form after successful create
Warning: Missing `Description` or `aria-describedby={undefined}` for {DialogContent}.

 [32mΓ£ô[39m convex/webhooks.test.ts [2m([22m[2m33 tests[22m[2m)[22m[33m 630[2mms[22m[39m
[90mstdout[2m | convex/projects.test.ts
[22m[39m[PATCH] test-utils.act patched with simple implementation

stderr | src/components/CustomFieldsManager.test.tsx > CustomFieldsManager - Component Behavior > Success & Error Handling > should show success toast after successful update
Warning: Missing `Description` or `aria-describedby={undefined}` for {DialogContent}.

[90mstdout[2m | src/components/CommentRenderer.test.tsx
[22m[39m[PATCH] test-utils.act patched with simple implementation

[90mstdout[2m | convex/github.test.ts
[22m[39m[PATCH] test-utils.act patched with simple implementation

[90mstdout[2m | convex/timeTracking.test.ts
[22m[39m[PATCH] test-utils.act patched with simple implementation

stderr | src/components/CustomFieldsManager.test.tsx > CustomFieldsManager - Component Behavior > Success & Error Handling > should show error toast when create fails
Warning: Missing `Description` or `aria-describedby={undefined}` for {DialogContent}.

[90mstdout[2m | convex/rbac.test.ts
[22m[39m[PATCH] test-utils.act patched with simple implementation

 [32mΓ£ô[39m convex/sprints.test.ts [2m([22m[2m24 tests[22m[2m)[22m[33m 457[2mms[22m[39m
 [32mΓ£ô[39m convex/automationRules.test.ts [2m([22m[2m26 tests[22m[2m)[22m[33m 597[2mms[22m[39m
[90mstdout[2m | src/hooks/useKeyboardShortcuts.test.ts
[22m[39m[PATCH] test-utils.act patched with simple implementation

stderr | src/components/CustomFieldsManager.test.tsx > CustomFieldsManager - Component Behavior > Success & Error Handling > should show generic error when error has no message
Warning: Missing `Description` or `aria-describedby={undefined}` for {DialogContent}.

[90mstdout[2m | src/lib/markdown.test.ts
[22m[39m[PATCH] test-utils.act patched with simple implementation

 [32mΓ£ô[39m src/components/CustomFieldsManager.test.tsx [2m([22m[2m47 tests[22m[2m)[22m[33m 34895[2mms[22m[39m
       [33m[2mΓ£ô[22m[39m should show 'Add Field' button when not creating [33m 1188[2mms[22m[39m
       [33m[2mΓ£ô[22m[39m should show form when 'Add Field' button is clicked [33m 783[2mms[22m[39m
       [33m[2mΓ£ô[22m[39m should open dialog when 'Add Field' button is clicked [33m 420[2mms[22m[39m
       [33m[2mΓ£ô[22m[39m should reset and hide form when Cancel is clicked [33m 1975[2mms[22m[39m
       [33m[2mΓ£ô[22m[39m should show field key input in create mode [33m 506[2mms[22m[39m
       [33m[2mΓ£ô[22m[39m should default field type to 'text' [33m 414[2mms[22m[39m
       [33m[2mΓ£ô[22m[39m should show error when trying to save with empty name [33m 442[2mms[22m[39m
       [33m[2mΓ£ô[22m[39m should show error when trying to save with empty field key [33m 1363[2mms[22m[39m
       [33m[2mΓ£ô[22m[39m should accept whitespace-only name as invalid [33m 1534[2mms[22m[39m
       [33m[2mΓ£ô[22m[39m should convert field key to lowercase [33m 1895[2mms[22m[39m
       [33m[2mΓ£ô[22m[39m should replace spaces with underscores in field key [33m 1873[2mms[22m[39m
       [33m[2mΓ£ô[22m[39m should replace multiple spaces with single underscore [33m 2237[2mms[22m[39m
       [33m[2mΓ£ô[22m[39m should show options field when select type is chosen [33m 511[2mms[22m[39m
       [33m[2mΓ£ô[22m[39m should show options field when multiselect type is chosen [33m 493[2mms[22m[39m
       [33m[2mΓ£ô[22m[39m should hide options field when switching from select to text [33m 644[2mms[22m[39m
       [33m[2mΓ£ô[22m[39m should parse comma-separated options correctly [33m 2536[2mms[22m[39m
       [33m[2mΓ£ô[22m[39m should trim whitespace from options [33m 3573[2mms[22m[39m
       [33m[2mΓ£ô[22m[39m should filter out empty options [33m 2749[2mms[22m[39m
       [33m[2mΓ£ô[22m[39m should not send options for non-select field types [33m 1159[2mms[22m[39m
       [33m[2mΓ£ô[22m[39m should populate form with existing field data when Edit is clicked [33m 307[2mms[22m[39m
       [33m[2mΓ£ô[22m[39m should hide field key input in edit mode [33m 308[2mms[22m[39m
       [33m[2mΓ£ô[22m[39m should disable field type selector in edit mode [33m 323[2mms[22m[39m
       [33m[2mΓ£ô[22m[39m should show 'Update Field' button in edit mode [33m 360[2mms[22m[39m
       [33m[2mΓ£ô[22m[39m should convert options array to comma-separated string in edit mode [33m 326[2mms[22m[39m
       [33m[2mΓ£ô[22m[39m should not require field key validation in edit mode [33m 1350[2mms[22m[39m
       [33m[2mΓ£ô[22m[39m should show success toast and reset form after successful create [33m 1082[2mms[22m[39m
       [33m[2mΓ£ô[22m[39m should show success toast after successful update [33m 522[2mms[22m[39m
       [33m[2mΓ£ô[22m[39m should show error toast when create fails [33m 1023[2mms[22m[39m
       [33m[2mΓ£ô[22m[39m should show generic error when error has no message [33m 1350[2mms[22m[39m
[90mstdout[2m | convex/companies.test.ts
[22m[39m[PATCH] test-utils.act patched with simple implementation

[90mstdout[2m | src/components/IssueCard.test.tsx
[22m[39m[PATCH] test-utils.act patched with simple implementation

[90mstdout[2m | convex/internal/ai.test.ts
[22m[39m[PATCH] test-utils.act patched with simple implementation

 [32mΓ£ô[39m convex/documents.test.ts [2m([22m[2m26 tests[22m[2m)[22m[33m 536[2mms[22m[39m
 [32mΓ£ô[39m src/components/CommentRenderer.test.tsx [2m([22m[2m34 tests[22m[2m)[22m[33m 552[2mms[22m[39m
[90mstdout[2m | convex/teams.test.ts
[22m[39m[PATCH] test-utils.act patched with simple implementation

 [32mΓ£ô[39m convex/notifications.test.ts [2m([22m[2m26 tests[22m[2m)[22m[33m 457[2mms[22m[39m
 [32mΓ£ô[39m src/hooks/useKeyboardShortcuts.test.ts [2m([22m[2m29 tests[22m[2m)[22m[33m 737[2mms[22m[39m
 [32mΓ£ô[39m convex/projects.test.ts [2m([22m[2m20 tests[22m[2m)[22m[33m 489[2mms[22m[39m
[90mstdout[2m | convex/users.test.ts
[22m[39m[PATCH] test-utils.act patched with simple implementation

[90mstdout[2m | src/lib/dates.test.ts
[22m[39m[PATCH] test-utils.act patched with simple implementation

Not implemented: navigation to another Document
Not implemented: navigation to another Document
Not implemented: navigation to another Document
 [32mΓ£ô[39m src/lib/markdown.test.ts [2m([22m[2m17 tests[22m[2m)[22m[32m 182[2mms[22m[39m
 [32mΓ£ô[39m src/components/IssueCard.test.tsx [2m([22m[2m3 tests[22m[2m)[22m[32m 263[2mms[22m[39m
 [32mΓ£ô[39m convex/rbac.test.ts [2m([22m[2m17 tests[22m[2m)[22m[33m 329[2mms[22m[39m
 [32mΓ£ô[39m convex/github.test.ts [2m([22m[2m7 tests[22m[2m)[22m[33m 352[2mms[22m[39m
 [32mΓ£ô[39m convex/timeTracking.test.ts [2m([22m[2m4 tests[22m[2m)[22m[33m 552[2mms[22m[39m
       [33m[2mΓ£ô[22m[39m should start and stop a timer [33m 453[2mms[22m[39m
[90mstdout[2m | convex/auth.test.ts
[22m[39m[PATCH] test-utils.act patched with simple implementation

 [32mΓ£ô[39m convex/companies.test.ts [2m([22m[2m9 tests[22m[2m)[22m[32m 258[2mms[22m[39m
 [32mΓ£ô[39m src/lib/dates.test.ts [2m([22m[2m38 tests[22m[2m)[22m[32m 192[2mms[22m[39m
 [32mΓ£ô[39m convex/internal/ai.test.ts [2m([22m[2m5 tests[22m[2m)[22m[33m 361[2mms[22m[39m
[90mstdout[2m | src/lib/toast.test.ts
[22m[39m[PATCH] test-utils.act patched with simple implementation

[90mstdout[2m | src/components/Onboarding/WelcomeTour.test.tsx
[22m[39m[PATCH] test-utils.act patched with simple implementation

 [32mΓ£ô[39m convex/teams.test.ts [2m([22m[2m6 tests[22m[2m)[22m[32m 183[2mms[22m[39m
[90mstdout[2m | src/lib/utils.test.ts
[22m[39m[PATCH] test-utils.act patched with simple implementation

 [32mΓ£ô[39m convex/users.test.ts [2m([22m[2m2 tests[22m[2m)[22m[32m 212[2mms[22m[39m
[90mstdout[2m | src/lib/array-utils.test.ts
[22m[39m[PATCH] test-utils.act patched with simple implementation

[90mstdout[2m | src/lib/accessibility.test.ts
[22m[39m[PATCH] test-utils.act patched with simple implementation

 [32mΓ£ô[39m src/lib/toast.test.ts [2m([22m[2m31 tests[22m[2m)[22m[32m 57[2mms[22m[39m
[90mstdout[2m | src/lib/issue-utils.test.ts
[22m[39m[PATCH] test-utils.act patched with simple implementation

 [32mΓ£ô[39m src/components/Onboarding/WelcomeTour.test.tsx [2m([22m[2m7 tests[22m[2m)[22m[32m 122[2mms[22m[39m
 [32mΓ£ô[39m convex/auth.test.ts [2m([22m[2m10 tests[22m[2m)[22m[32m 113[2mms[22m[39m
[90mstdout[2m | src/lib/markdown-batch.test.ts
[22m[39m[PATCH] test-utils.act patched with simple implementation

 [32mΓ£ô[39m src/lib/utils.test.ts [2m([22m[2m6 tests[22m[2m)[22m[32m 36[2mms[22m[39m
 [32mΓ£ô[39m src/lib/array-utils.test.ts [2m([22m[2m36 tests[22m[2m)[22m[32m 42[2mms[22m[39m
 [32mΓ£ô[39m src/lib/accessibility.test.ts [2m([22m[2m14 tests[22m[2m)[22m[32m 50[2mms[22m[39m
 [32mΓ£ô[39m src/lib/issue-utils.test.ts [2m([22m[2m48 tests[22m[2m)[22m[32m 42[2mms[22m[39m
 [32mΓ£ô[39m src/lib/markdown-batch.test.ts [2m([22m[2m11 tests[22m[2m)[22m[32m 31[2mms[22m[39m

ΓÄ»ΓÄ»ΓÄ»ΓÄ»ΓÄ»ΓÄ» Failed Tests 39 ΓÄ»ΓÄ»ΓÄ»ΓÄ»ΓÄ»ΓÄ»ΓÄ»

 FAIL  src/components/BulkOperationsBar.test.tsx > BulkOperationsBar - Component Behavior > Count Display Formatting > should update count when selection changes
TestingLibraryElementError: Unable to find an element with the text: 2 issues selected. This could be because the text is broken up by multiple elements. In this case, you can provide a function for your text matcher to make your matcher more flexible.

Ignored nodes: comments, script, style
<body>
  <div>
    <div
      class="fixed bottom-0 left-0 right-0 bg-brand-600 text-white shadow-lg z-30 transition-transform"
    >
      <div
        class="max-w-7xl mx-auto px-4 py-4"
      >
        <div
          class="flex flex-row gap-4 items-center justify-between"
        >
          <div
            class="flex flex-row gap-4 items-center"
          >
            <p
              class="font-medium"
            >
              1
               issue
               selected
            </p>
            <button
              class="inline-flex items-center justify-center gap-2 whitespace-nowrap rounded-lg font-medium transition-colors focus-visible:outline-none focus-visible:ring-2 focus-visible:ring-offset-2 disabled:pointer-events-none disabled:opacity-50 text-brand-600 dark:text-brand-400 underline-offset-4 hover:underline h-9 px-3 text-sm"
              type="button"
            >
              Clear selection
            </button>
          </div>
          <div
            class="flex flex-row gap-2 items-center flex-wrap"
          >
            <button
              class="inline-flex items-center justify-center gap-2 whitespace-nowrap rounded-lg font-medium transition-colors focus-visible:outline-none focus-visible:ring-2 focus-visible:ring-offset-2 disabled:pointer-events-none disabled:opacity-50 bg-ui-bg-primary dark:bg-ui-bg-primary-dark text-ui-text-primary dark:text-ui-text-primary-dark border border-ui-border-primary dark:border-ui-border-primary-dark hover:bg-ui-bg-secondary dark:hover:bg-ui-bg-secondary-dark focus-visible:ring-brand-500 h-10 px-4 text-sm"
              type="button"
            >
              Show Actions
            </button>
            <button
              class="inline-flex items-center justify-center gap-2 whitespace-nowrap rounded-lg font-medium transition-colors focus-visible:outline-none focus-visible:ring-2 focus-visible:ring-offset-2 disabled:pointer-events-none disabled:opacity-50 bg-status-error text-white hover:bg-status-error/90 focus-visible:ring-status-error h-10 px-4 text-sm"
              type="button"
            >
              Delete
            </button>
          </div>
        </div>
      </div>
    </div>
  </div>
</body>
 Γ¥» Object.getElementError node_modules/.pnpm/@testing-library+dom@10.4.1/node_modules/@testing-library/dom/dist/config.js:37:19
 Γ¥» node_modules/.pnpm/@testing-library+dom@10.4.1/node_modules/@testing-library/dom/dist/query-helpers.js:76:38
 Γ¥» node_modules/.pnpm/@testing-library+dom@10.4.1/node_modules/@testing-library/dom/dist/query-helpers.js:52:17
 Γ¥» node_modules/.pnpm/@testing-library+dom@10.4.1/node_modules/@testing-library/dom/dist/query-helpers.js:95:19
 Γ¥» src/components/BulkOperationsBar.test.tsx:184:21
    182|       );
    183| 
    184|       expect(screen.getByText("2 issues selected")).toBeInTheDocument(ΓÇª
       |                     ^
    185|     });
    186|   });

ΓÄ»ΓÄ»ΓÄ»ΓÄ»ΓÄ»ΓÄ»ΓÄ»ΓÄ»ΓÄ»ΓÄ»ΓÄ»ΓÄ»ΓÄ»ΓÄ»ΓÄ»ΓÄ»ΓÄ»ΓÄ»ΓÄ»ΓÄ»ΓÄ»ΓÄ»ΓÄ»[1/39]ΓÄ»

 FAIL  src/hooks/useDeleteConfirmation.test.ts > useDeleteConfirmation > confirmDelete > should set deleteId when called
AssertionError: expected null to be 'test-id-123' // Object.is equality

- Expected: 
"test-id-123"

+ Received: 
null

 Γ¥» src/hooks/useDeleteConfirmation.test.ts:46:39
     44|       });
     45| 
     46|       expect(result.current.deleteId).toBe(mockId);
       |                                       ^
     47|     });
     48| 

ΓÄ»ΓÄ»ΓÄ»ΓÄ»ΓÄ»ΓÄ»ΓÄ»ΓÄ»ΓÄ»ΓÄ»ΓÄ»ΓÄ»ΓÄ»ΓÄ»ΓÄ»ΓÄ»ΓÄ»ΓÄ»ΓÄ»ΓÄ»ΓÄ»ΓÄ»ΓÄ»[2/39]ΓÄ»

 FAIL  src/hooks/useDeleteConfirmation.test.ts > useDeleteConfirmation > confirmDelete > should update deleteId when called multiple times
AssertionError: expected null to be 'test-id-1' // Object.is equality

- Expected: 
"test-id-1"

+ Received: 
null

 Γ¥» src/hooks/useDeleteConfirmation.test.ts:58:39
     56|         result.current.confirmDelete(mockId1);
     57|       });
     58|       expect(result.current.deleteId).toBe(mockId1);
       |                                       ^
     59| 
     60|       act(() => {

ΓÄ»ΓÄ»ΓÄ»ΓÄ»ΓÄ»ΓÄ»ΓÄ»ΓÄ»ΓÄ»ΓÄ»ΓÄ»ΓÄ»ΓÄ»ΓÄ»ΓÄ»ΓÄ»ΓÄ»ΓÄ»ΓÄ»ΓÄ»ΓÄ»ΓÄ»ΓÄ»[3/39]ΓÄ»

 FAIL  src/hooks/useDeleteConfirmation.test.ts > useDeleteConfirmation > cancelDelete > should set deleteId to null
AssertionError: expected null to be 'test-id-123' // Object.is equality

- Expected: 
"test-id-123"

+ Received: 
null

 Γ¥» src/hooks/useDeleteConfirmation.test.ts:76:39
     74|         result.current.confirmDelete(mockId);
     75|       });
     76|       expect(result.current.deleteId).toBe(mockId);
       |                                       ^
     77| 
     78|       act(() => {

ΓÄ»ΓÄ»ΓÄ»ΓÄ»ΓÄ»ΓÄ»ΓÄ»ΓÄ»ΓÄ»ΓÄ»ΓÄ»ΓÄ»ΓÄ»ΓÄ»ΓÄ»ΓÄ»ΓÄ»ΓÄ»ΓÄ»ΓÄ»ΓÄ»ΓÄ»ΓÄ»[4/39]ΓÄ»

 FAIL  src/hooks/useDeleteConfirmation.test.ts > useDeleteConfirmation > executeDelete - Success > should call deleteFn with the deleteId
AssertionError: expected "vi.fn()" to be called with arguments: [ 'test-id-123' ]

Number of calls: 0

 Γ¥» src/hooks/useDeleteConfirmation.test.ts:110:24
    108|       });
    109| 
    110|       expect(deleteFn).toHaveBeenCalledWith(mockId);
       |                        ^
    111|     });
    112| 

ΓÄ»ΓÄ»ΓÄ»ΓÄ»ΓÄ»ΓÄ»ΓÄ»ΓÄ»ΓÄ»ΓÄ»ΓÄ»ΓÄ»ΓÄ»ΓÄ»ΓÄ»ΓÄ»ΓÄ»ΓÄ»ΓÄ»ΓÄ»ΓÄ»ΓÄ»ΓÄ»[5/39]ΓÄ»

 FAIL  src/hooks/useDeleteConfirmation.test.ts > useDeleteConfirmation > executeDelete - Success > should show success toast on successful delete
AssertionError: expected "vi.fn()" to be called with arguments: [ 'Deleted successfully' ]

Number of calls: 0

 Γ¥» src/hooks/useDeleteConfirmation.test.ts:127:27
    125|       });
    126| 
    127|       expect(showSuccess).toHaveBeenCalledWith("Deleted successfully");
       |                           ^
    128|     });
    129| 

ΓÄ»ΓÄ»ΓÄ»ΓÄ»ΓÄ»ΓÄ»ΓÄ»ΓÄ»ΓÄ»ΓÄ»ΓÄ»ΓÄ»ΓÄ»ΓÄ»ΓÄ»ΓÄ»ΓÄ»ΓÄ»ΓÄ»ΓÄ»ΓÄ»ΓÄ»ΓÄ»[6/39]ΓÄ»

 FAIL  src/hooks/useDeleteConfirmation.test.ts > useDeleteConfirmation > executeDelete - Success > should show custom success message when provided
AssertionError: expected "vi.fn()" to be called with arguments: [ 'Item removed!' ]

Number of calls: 0

 Γ¥» src/hooks/useDeleteConfirmation.test.ts:148:27
    146|       });
    147| 
    148|       expect(showSuccess).toHaveBeenCalledWith("Item removed!");
       |                           ^
    149|     });
    150| 

ΓÄ»ΓÄ»ΓÄ»ΓÄ»ΓÄ»ΓÄ»ΓÄ»ΓÄ»ΓÄ»ΓÄ»ΓÄ»ΓÄ»ΓÄ»ΓÄ»ΓÄ»ΓÄ»ΓÄ»ΓÄ»ΓÄ»ΓÄ»ΓÄ»ΓÄ»ΓÄ»[7/39]ΓÄ»

 FAIL  src/hooks/useDeleteConfirmation.test.ts > useDeleteConfirmation > executeDelete - Success > should call onSuccess callback on successful delete
AssertionError: expected "vi.fn()" to be called at least once
 Γ¥» src/hooks/useDeleteConfirmation.test.ts:170:25
    168|       });
    169| 
    170|       expect(onSuccess).toHaveBeenCalled();
       |                         ^
    171|     });
    172| 

ΓÄ»ΓÄ»ΓÄ»ΓÄ»ΓÄ»ΓÄ»ΓÄ»ΓÄ»ΓÄ»ΓÄ»ΓÄ»ΓÄ»ΓÄ»ΓÄ»ΓÄ»ΓÄ»ΓÄ»ΓÄ»ΓÄ»ΓÄ»ΓÄ»ΓÄ»ΓÄ»[8/39]ΓÄ»

 FAIL  src/hooks/useDeleteConfirmation.test.ts > useDeleteConfirmation > executeDelete - Error > should show error toast on failed delete
AssertionError: expected "vi.fn()" to be called with arguments: [ Error: Delete failed, ΓÇª(1) ]

Number of calls: 0

 Γ¥» src/hooks/useDeleteConfirmation.test.ts:224:25
    222|       });
    223| 
    224|       expect(showError).toHaveBeenCalledWith(error, "Failed to delete"ΓÇª
       |                         ^
    225|     });
    226| 

ΓÄ»ΓÄ»ΓÄ»ΓÄ»ΓÄ»ΓÄ»ΓÄ»ΓÄ»ΓÄ»ΓÄ»ΓÄ»ΓÄ»ΓÄ»ΓÄ»ΓÄ»ΓÄ»ΓÄ»ΓÄ»ΓÄ»ΓÄ»ΓÄ»ΓÄ»ΓÄ»[9/39]ΓÄ»

 FAIL  src/hooks/useDeleteConfirmation.test.ts > useDeleteConfirmation > executeDelete - Error > should show custom error message when provided
AssertionError: expected "vi.fn()" to be called with arguments: [ Error: Delete failed, ΓÇª(1) ]

Number of calls: 0

 Γ¥» src/hooks/useDeleteConfirmation.test.ts:246:25
    244|       });
    245| 
    246|       expect(showError).toHaveBeenCalledWith(error, "Could not remove ΓÇª
       |                         ^
    247|     });
    248| 

ΓÄ»ΓÄ»ΓÄ»ΓÄ»ΓÄ»ΓÄ»ΓÄ»ΓÄ»ΓÄ»ΓÄ»ΓÄ»ΓÄ»ΓÄ»ΓÄ»ΓÄ»ΓÄ»ΓÄ»ΓÄ»ΓÄ»ΓÄ»ΓÄ»ΓÄ»[10/39]ΓÄ»

 FAIL  src/hooks/useDeleteConfirmation.test.ts > useDeleteConfirmation > executeDelete - Error > should call onError callback on failed delete
AssertionError: expected "vi.fn()" to be called with arguments: [ Error: Delete failed ]

Number of calls: 0

 Γ¥» src/hooks/useDeleteConfirmation.test.ts:269:23
    267|       });
    268| 
    269|       expect(onError).toHaveBeenCalledWith(error);
       |                       ^
    270|     });
    271| 

ΓÄ»ΓÄ»ΓÄ»ΓÄ»ΓÄ»ΓÄ»ΓÄ»ΓÄ»ΓÄ»ΓÄ»ΓÄ»ΓÄ»ΓÄ»ΓÄ»ΓÄ»ΓÄ»ΓÄ»ΓÄ»ΓÄ»ΓÄ»ΓÄ»ΓÄ»[11/39]ΓÄ»

 FAIL  src/hooks/useDeleteConfirmation.test.ts > useDeleteConfirmation > executeDelete - Error > should NOT reset deleteId on failed delete
AssertionError: expected null to be 'test-id-123' // Object.is equality

- Expected: 
"test-id-123"

+ Received: 
null

 Γ¥» src/hooks/useDeleteConfirmation.test.ts:287:39
    285| 
    286|       // deleteId should remain so user can retry
    287|       expect(result.current.deleteId).toBe(mockId);
       |                                       ^
    288|     });
    289| 

ΓÄ»ΓÄ»ΓÄ»ΓÄ»ΓÄ»ΓÄ»ΓÄ»ΓÄ»ΓÄ»ΓÄ»ΓÄ»ΓÄ»ΓÄ»ΓÄ»ΓÄ»ΓÄ»ΓÄ»ΓÄ»ΓÄ»ΓÄ»ΓÄ»ΓÄ»[12/39]ΓÄ»

 FAIL  src/hooks/useFuzzySearch.test.ts > useFuzzySearch > should respect limit option
AssertionError: expected [ ΓÇª(3) ] to have a length of 1 but got 3

- Expected
+ Received

- 1
+ 3

 Γ¥» src/hooks/useFuzzySearch.test.ts:77:36
     75|     });
     76| 
     77|     expect(result.current.results).toHaveLength(1);
       |                                    ^
     78|   });
     79| 

ΓÄ»ΓÄ»ΓÄ»ΓÄ»ΓÄ»ΓÄ»ΓÄ»ΓÄ»ΓÄ»ΓÄ»ΓÄ»ΓÄ»ΓÄ»ΓÄ»ΓÄ»ΓÄ»ΓÄ»ΓÄ»ΓÄ»ΓÄ»ΓÄ»ΓÄ»[13/39]ΓÄ»

 FAIL  src/hooks/useFuzzySearch.test.ts > useFuzzySearch > should clear query
AssertionError: expected '' to be 'john' // Object.is equality

- Expected
+ Received

- john

 Γ¥» src/hooks/useFuzzySearch.test.ts:91:34
     89|     });
     90| 
     91|     expect(result.current.query).toBe("john");
       |                                  ^
     92| 
     93|     act(() => {

ΓÄ»ΓÄ»ΓÄ»ΓÄ»ΓÄ»ΓÄ»ΓÄ»ΓÄ»ΓÄ»ΓÄ»ΓÄ»ΓÄ»ΓÄ»ΓÄ»ΓÄ»ΓÄ»ΓÄ»ΓÄ»ΓÄ»ΓÄ»ΓÄ»ΓÄ»[14/39]ΓÄ»

 FAIL  src/hooks/useFuzzySearch.test.ts > useFuzzySearch > should debounce search query
AssertionError: expected '' to be 'john' // Object.is equality

- Expected
+ Received

- john

 Γ¥» src/hooks/useFuzzySearch.test.ts:114:34
    112| 
    113|     // Immediately after search, debounced query should be empty
    114|     expect(result.current.query).toBe("john");
       |                                  ^
    115|     expect(result.current.debouncedQuery).toBe("");
    116|     expect(result.current.isDebouncing).toBe(true);

ΓÄ»ΓÄ»ΓÄ»ΓÄ»ΓÄ»ΓÄ»ΓÄ»ΓÄ»ΓÄ»ΓÄ»ΓÄ»ΓÄ»ΓÄ»ΓÄ»ΓÄ»ΓÄ»ΓÄ»ΓÄ»ΓÄ»ΓÄ»ΓÄ»ΓÄ»[15/39]ΓÄ»

 FAIL  src/hooks/useFuzzySearch.test.ts > useFuzzySearch > should indicate searching state
AssertionError: expected false to be true // Object.is equality

- Expected
+ Received

- true
+ false

 Γ¥» src/hooks/useFuzzySearch.test.ts:141:40
    139|     });
    140| 
    141|     expect(result.current.isSearching).toBe(true);
       |                                        ^
    142|   });
    143| 

ΓÄ»ΓÄ»ΓÄ»ΓÄ»ΓÄ»ΓÄ»ΓÄ»ΓÄ»ΓÄ»ΓÄ»ΓÄ»ΓÄ»ΓÄ»ΓÄ»ΓÄ»ΓÄ»ΓÄ»ΓÄ»ΓÄ»ΓÄ»ΓÄ»ΓÄ»[16/39]ΓÄ»

 FAIL  src/hooks/useFuzzySearch.test.ts > useFuzzySearch > should indicate when results exist
AssertionError: expected true to be false // Object.is equality

- Expected
+ Received

- false
+ true

 Γ¥» src/hooks/useFuzzySearch.test.ts:157:39
    155|     });
    156| 
    157|     expect(result.current.hasResults).toBe(false);
       |                                       ^
    158|   });
    159| 

ΓÄ»ΓÄ»ΓÄ»ΓÄ»ΓÄ»ΓÄ»ΓÄ»ΓÄ»ΓÄ»ΓÄ»ΓÄ»ΓÄ»ΓÄ»ΓÄ»ΓÄ»ΓÄ»ΓÄ»ΓÄ»ΓÄ»ΓÄ»ΓÄ»ΓÄ»[17/39]ΓÄ»

 FAIL  src/hooks/useFuzzySearch.test.ts > useUserFuzzySearch > should have debounce enabled
AssertionError: expected false to be true // Object.is equality

- Expected
+ Received

- true
+ false

 Γ¥» src/hooks/useFuzzySearch.test.ts:234:41
    232|     });
    233| 
    234|     expect(result.current.isDebouncing).toBe(true);
       |                                         ^
    235| 
    236|     await waitFor(() => {

ΓÄ»ΓÄ»ΓÄ»ΓÄ»ΓÄ»ΓÄ»ΓÄ»ΓÄ»ΓÄ»ΓÄ»ΓÄ»ΓÄ»ΓÄ»ΓÄ»ΓÄ»ΓÄ»ΓÄ»ΓÄ»ΓÄ»ΓÄ»ΓÄ»ΓÄ»[18/39]ΓÄ»

 FAIL  src/hooks/useModal.test.ts > useModal > open > should set isOpen to true when called
AssertionError: expected false to be true // Object.is equality

- Expected
+ Received

- true
+ false

 Γ¥» src/hooks/useModal.test.ts:36:37
     34|       });
     35| 
     36|       expect(result.current.isOpen).toBe(true);
       |                                     ^
     37|     });
     38| 

ΓÄ»ΓÄ»ΓÄ»ΓÄ»ΓÄ»ΓÄ»ΓÄ»ΓÄ»ΓÄ»ΓÄ»ΓÄ»ΓÄ»ΓÄ»ΓÄ»ΓÄ»ΓÄ»ΓÄ»ΓÄ»ΓÄ»ΓÄ»ΓÄ»ΓÄ»[19/39]ΓÄ»

 FAIL  src/hooks/useModal.test.ts > useModal > close > should set isOpen to false when called
AssertionError: expected true to be false // Object.is equality

- Expected
+ Received

- false
+ true

 Γ¥» src/hooks/useModal.test.ts:71:37
     69|       });
     70| 
     71|       expect(result.current.isOpen).toBe(false);
       |                                     ^
     72|     });
     73| 

ΓÄ»ΓÄ»ΓÄ»ΓÄ»ΓÄ»ΓÄ»ΓÄ»ΓÄ»ΓÄ»ΓÄ»ΓÄ»ΓÄ»ΓÄ»ΓÄ»ΓÄ»ΓÄ»ΓÄ»ΓÄ»ΓÄ»ΓÄ»ΓÄ»ΓÄ»[20/39]ΓÄ»

 FAIL  src/hooks/useModal.test.ts > useModal > toggle > should toggle isOpen from false to true
AssertionError: expected false to be true // Object.is equality

- Expected
+ Received

- true
+ false

 Γ¥» src/hooks/useModal.test.ts:106:37
    104|       });
    105| 
    106|       expect(result.current.isOpen).toBe(true);
       |                                     ^
    107|     });
    108| 

ΓÄ»ΓÄ»ΓÄ»ΓÄ»ΓÄ»ΓÄ»ΓÄ»ΓÄ»ΓÄ»ΓÄ»ΓÄ»ΓÄ»ΓÄ»ΓÄ»ΓÄ»ΓÄ»ΓÄ»ΓÄ»ΓÄ»ΓÄ»ΓÄ»ΓÄ»[21/39]ΓÄ»

 FAIL  src/hooks/useModal.test.ts > useModal > toggle > should toggle isOpen from true to false
AssertionError: expected true to be false // Object.is equality

- Expected
+ Received

- false
+ true

 Γ¥» src/hooks/useModal.test.ts:118:37
    116|       });
    117| 
    118|       expect(result.current.isOpen).toBe(false);
       |                                     ^
    119|     });
    120| 

ΓÄ»ΓÄ»ΓÄ»ΓÄ»ΓÄ»ΓÄ»ΓÄ»ΓÄ»ΓÄ»ΓÄ»ΓÄ»ΓÄ»ΓÄ»ΓÄ»ΓÄ»ΓÄ»ΓÄ»ΓÄ»ΓÄ»ΓÄ»ΓÄ»ΓÄ»[22/39]ΓÄ»

 FAIL  src/hooks/useModal.test.ts > useModal > toggle > should toggle multiple times correctly
AssertionError: expected false to be true // Object.is equality

- Expected
+ Received

- true
+ false

 Γ¥» src/hooks/useModal.test.ts:129:37
    127|         result.current.toggle();
    128|       });
    129|       expect(result.current.isOpen).toBe(true);
       |                                     ^
    130| 
    131|       act(() => {

ΓÄ»ΓÄ»ΓÄ»ΓÄ»ΓÄ»ΓÄ»ΓÄ»ΓÄ»ΓÄ»ΓÄ»ΓÄ»ΓÄ»ΓÄ»ΓÄ»ΓÄ»ΓÄ»ΓÄ»ΓÄ»ΓÄ»ΓÄ»ΓÄ»ΓÄ»[23/39]ΓÄ»

 FAIL  src/hooks/useModal.test.ts > useModal > Combined Operations > should work correctly with open, close, toggle sequence
AssertionError: expected false to be true // Object.is equality

- Expected
+ Received

- true
+ false

 Γ¥» src/hooks/useModal.test.ts:163:37
    161|         result.current.open();
    162|       });
    163|       expect(result.current.isOpen).toBe(true);
       |                                     ^
    164| 
    165|       // Close

ΓÄ»ΓÄ»ΓÄ»ΓÄ»ΓÄ»ΓÄ»ΓÄ»ΓÄ»ΓÄ»ΓÄ»ΓÄ»ΓÄ»ΓÄ»ΓÄ»ΓÄ»ΓÄ»ΓÄ»ΓÄ»ΓÄ»ΓÄ»ΓÄ»ΓÄ»[24/39]ΓÄ»

 FAIL  src/hooks/useModal.test.ts > useModal > Combined Operations > should handle rapid state changes
AssertionError: expected false to be true // Object.is equality

- Expected
+ Received

- true
+ false

 Γ¥» src/hooks/useModal.test.ts:195:37
    193|       });
    194| 
    195|       expect(result.current.isOpen).toBe(true);
       |                                     ^
    196|     });
    197|   });

ΓÄ»ΓÄ»ΓÄ»ΓÄ»ΓÄ»ΓÄ»ΓÄ»ΓÄ»ΓÄ»ΓÄ»ΓÄ»ΓÄ»ΓÄ»ΓÄ»ΓÄ»ΓÄ»ΓÄ»ΓÄ»ΓÄ»ΓÄ»ΓÄ»ΓÄ»[25/39]ΓÄ»

 FAIL  src/components/Dashboard/ProjectsList.test.tsx > WorkspacesList > should navigate to projects when clicking Go to Workspaces
AssertionError: expected "vi.fn()" to be called with arguments: [ { to: '/test-company/projects' } ]

Received: 

  1st vi.fn() call:

  [
    {
-     "to": "/test-company/projects",
+     "to": "/test-company/workspaces",
    },
  ]


Number of calls: 1

 Γ¥» src/components/Dashboard/ProjectsList.test.tsx:100:26
     98|     await user.click(button);
     99| 
    100|     expect(mockNavigate).toHaveBeenCalledWith({
       |                          ^
    101|       to: "/test-company/projects",
    102|     });

ΓÄ»ΓÄ»ΓÄ»ΓÄ»ΓÄ»ΓÄ»ΓÄ»ΓÄ»ΓÄ»ΓÄ»ΓÄ»ΓÄ»ΓÄ»ΓÄ»ΓÄ»ΓÄ»ΓÄ»ΓÄ»ΓÄ»ΓÄ»ΓÄ»ΓÄ»[26/39]ΓÄ»

 FAIL  src/components/fuzzy-search/FuzzySearchInput.test.tsx > FuzzySearchInput > should show results dropdown when query is provided
TestingLibraryElementError: Unable to find an element with the text: John Doe. This could be because the text is broken up by multiple elements. In this case, you can provide a function for your text matcher to make your matcher more flexible.

Ignored nodes: comments, script, style
<body>
  <div>
    <div
      class="relative w-full"
    >
      <div
        class="relative"
      >
        <input
          aria-autocomplete="list"
          aria-controls="fuzzy-search-results"
          aria-expanded="false"
          aria-label="Search..."
          class="w-full px-3 py-2 border border-ui-border-primary dark:border-ui-border-primary-dark rounded-lg focus:outline-none focus:ring-2 focus:ring-brand-500 dark:bg-ui-bg-secondary-dark dark:text-ui-text-primary-dark "
          placeholder="Search..."
          role="combobox"
          type="text"
          value="john"
        />
        <button
          aria-label="Clear search"
          class="absolute right-3 top-1/2 -translate-y-1/2 text-ui-text-tertiary hover:text-ui-text-secondary dark:hover:text-ui-text-secondary-dark"
          type="button"
        >
          <svg
            class="w-4 h-4"
            fill="none"
            stroke="currentColor"
            viewBox="0 0 24 24"
          >
            <title>
              Clear
            </title>
            <path
              d="M6 18L18 6M6 6l12 12"
              stroke-linecap="round"
              stroke-linejoin="round"
              stroke-width="2"
            />
          </svg>
        </button>
      </div>
    </div>
  </div>
</body>
 Γ¥» Object.getElementError node_modules/.pnpm/@testing-library+dom@10.4.1/node_modules/@testing-library/dom/dist/config.js:37:19
 Γ¥» node_modules/.pnpm/@testing-library+dom@10.4.1/node_modules/@testing-library/dom/dist/query-helpers.js:76:38
 Γ¥» node_modules/.pnpm/@testing-library+dom@10.4.1/node_modules/@testing-library/dom/dist/query-helpers.js:52:17
 Γ¥» node_modules/.pnpm/@testing-library+dom@10.4.1/node_modules/@testing-library/dom/dist/query-helpers.js:95:19
 Γ¥» src/components/fuzzy-search/FuzzySearchInput.test.tsx:60:19
     58| 
     59|     // Results should be visible
     60|     expect(screen.getByText("John Doe")).toBeInTheDocument();
       |                   ^
     61|     expect(screen.getByText("Jane Smith")).toBeInTheDocument();
     62|     expect(screen.getByText("Bob Johnson")).toBeInTheDocument();

ΓÄ»ΓÄ»ΓÄ»ΓÄ»ΓÄ»ΓÄ»ΓÄ»ΓÄ»ΓÄ»ΓÄ»ΓÄ»ΓÄ»ΓÄ»ΓÄ»ΓÄ»ΓÄ»ΓÄ»ΓÄ»ΓÄ»ΓÄ»ΓÄ»ΓÄ»[27/39]ΓÄ»

 FAIL  src/components/fuzzy-search/FuzzySearchInput.test.tsx > FuzzySearchInput > should call onSelect when clicking a result
TestingLibraryElementError: Unable to find an element with the text: John Doe. This could be because the text is broken up by multiple elements. In this case, you can provide a function for your text matcher to make your matcher more flexible.

Ignored nodes: comments, script, style
<body>
  <div>
    <div
      class="relative w-full"
    >
      <div
        class="relative"
      >
        <input
          aria-autocomplete="list"
          aria-controls="fuzzy-search-results"
          aria-expanded="false"
          aria-label="Search..."
          class="w-full px-3 py-2 border border-ui-border-primary dark:border-ui-border-primary-dark rounded-lg focus:outline-none focus:ring-2 focus:ring-brand-500 dark:bg-ui-bg-secondary-dark dark:text-ui-text-primary-dark "
          placeholder="Search..."
          role="combobox"
          type="text"
          value="john"
        />
        <button
          aria-label="Clear search"
          class="absolute right-3 top-1/2 -translate-y-1/2 text-ui-text-tertiary hover:text-ui-text-secondary dark:hover:text-ui-text-secondary-dark"
          type="button"
        >
          <svg
            class="w-4 h-4"
            fill="none"
            stroke="currentColor"
            viewBox="0 0 24 24"
          >
            <title>
              Clear
            </title>
            <path
              d="M6 18L18 6M6 6l12 12"
              stroke-linecap="round"
              stroke-linejoin="round"
              stroke-width="2"
            />
          </svg>
        </button>
      </div>
    </div>
  </div>
</body>
 Γ¥» Object.getElementError node_modules/.pnpm/@testing-library+dom@10.4.1/node_modules/@testing-library/dom/dist/config.js:37:19
 Γ¥» node_modules/.pnpm/@testing-library+dom@10.4.1/node_modules/@testing-library/dom/dist/query-helpers.js:76:38
 Γ¥» node_modules/.pnpm/@testing-library+dom@10.4.1/node_modules/@testing-library/dom/dist/query-helpers.js:52:17
 Γ¥» node_modules/.pnpm/@testing-library+dom@10.4.1/node_modules/@testing-library/dom/dist/query-helpers.js:95:19
 Γ¥» src/components/fuzzy-search/FuzzySearchInput.test.tsx:77:32
     75|     render(<FuzzySearchInput {...defaultProps} query="john" onSelect={ΓÇª
     76| 
     77|     const firstResult = screen.getByText("John Doe");
       |                                ^
     78|     await user.click(firstResult);
     79| 

ΓÄ»ΓÄ»ΓÄ»ΓÄ»ΓÄ»ΓÄ»ΓÄ»ΓÄ»ΓÄ»ΓÄ»ΓÄ»ΓÄ»ΓÄ»ΓÄ»ΓÄ»ΓÄ»ΓÄ»ΓÄ»ΓÄ»ΓÄ»ΓÄ»ΓÄ»[28/39]ΓÄ»

 FAIL  src/components/fuzzy-search/FuzzySearchInput.test.tsx > FuzzySearchInput > should show no results message when results are empty
TestingLibraryElementError: Unable to find an element with the text: No results found for "xyz". This could be because the text is broken up by multiple elements. In this case, you can provide a function for your text matcher to make your matcher more flexible.

Ignored nodes: comments, script, style
<body>
  <div>
    <div
      class="relative w-full"
    >
      <div
        class="relative"
      >
        <input
          aria-autocomplete="list"
          aria-controls="fuzzy-search-results"
          aria-expanded="false"
          aria-label="Search..."
          class="w-full px-3 py-2 border border-ui-border-primary dark:border-ui-border-primary-dark rounded-lg focus:outline-none focus:ring-2 focus:ring-brand-500 dark:bg-ui-bg-secondary-dark dark:text-ui-text-primary-dark "
          placeholder="Search..."
          role="combobox"
          type="text"
          value="xyz"
        />
        <button
          aria-label="Clear search"
          class="absolute right-3 top-1/2 -translate-y-1/2 text-ui-text-tertiary hover:text-ui-text-secondary dark:hover:text-ui-text-secondary-dark"
          type="button"
        >
          <svg
            class="w-4 h-4"
            fill="none"
            stroke="currentColor"
            viewBox="0 0 24 24"
          >
            <title>
              Clear
            </title>
            <path
              d="M6 18L18 6M6 6l12 12"
              stroke-linecap="round"
              stroke-linejoin="round"
              stroke-width="2"
            />
          </svg>
        </button>
      </div>
    </div>
  </div>
</body>
 Γ¥» Object.getElementError node_modules/.pnpm/@testing-library+dom@10.4.1/node_modules/@testing-library/dom/dist/config.js:37:19
 Γ¥» node_modules/.pnpm/@testing-library+dom@10.4.1/node_modules/@testing-library/dom/dist/query-helpers.js:76:38
 Γ¥» node_modules/.pnpm/@testing-library+dom@10.4.1/node_modules/@testing-library/dom/dist/query-helpers.js:52:17
 Γ¥» node_modules/.pnpm/@testing-library+dom@10.4.1/node_modules/@testing-library/dom/dist/query-helpers.js:95:19
 Γ¥» src/components/fuzzy-search/FuzzySearchInput.test.tsx:188:19
    186|     render(<FuzzySearchInput {...defaultProps} results={[]} query="xyzΓÇª
    187| 
    188|     expect(screen.getByText('No results found for "xyz"')).toBeInTheDoΓÇª
       |                   ^
    189|   });
    190| 

ΓÄ»ΓÄ»ΓÄ»ΓÄ»ΓÄ»ΓÄ»ΓÄ»ΓÄ»ΓÄ»ΓÄ»ΓÄ»ΓÄ»ΓÄ»ΓÄ»ΓÄ»ΓÄ»ΓÄ»ΓÄ»ΓÄ»ΓÄ»ΓÄ»ΓÄ»[29/39]ΓÄ»

 FAIL  src/components/fuzzy-search/FuzzySearchInput.test.tsx > FuzzySearchInput > should display match scores when showScore is true
TestingLibraryElementError: Unable to find an element with the text: 90%. This could be because the text is broken up by multiple elements. In this case, you can provide a function for your text matcher to make your matcher more flexible.

Ignored nodes: comments, script, style
<body>
  <div>
    <div
      class="relative w-full"
    >
      <div
        class="relative"
      >
        <input
          aria-autocomplete="list"
          aria-controls="fuzzy-search-results"
          aria-expanded="false"
          aria-label="Search..."
          class="w-full px-3 py-2 border border-ui-border-primary dark:border-ui-border-primary-dark rounded-lg focus:outline-none focus:ring-2 focus:ring-brand-500 dark:bg-ui-bg-secondary-dark dark:text-ui-text-primary-dark "
          placeholder="Search..."
          role="combobox"
          type="text"
          value="john"
        />
        <button
          aria-label="Clear search"
          class="absolute right-3 top-1/2 -translate-y-1/2 text-ui-text-tertiary hover:text-ui-text-secondary dark:hover:text-ui-text-secondary-dark"
          type="button"
        >
          <svg
            class="w-4 h-4"
            fill="none"
            stroke="currentColor"
            viewBox="0 0 24 24"
          >
            <title>
              Clear
            </title>
            <path
              d="M6 18L18 6M6 6l12 12"
              stroke-linecap="round"
              stroke-linejoin="round"
              stroke-width="2"
            />
          </svg>
        </button>
      </div>
    </div>
  </div>
</body>
 Γ¥» Object.getElementError node_modules/.pnpm/@testing-library+dom@10.4.1/node_modules/@testing-library/dom/dist/config.js:37:19
 Γ¥» node_modules/.pnpm/@testing-library+dom@10.4.1/node_modules/@testing-library/dom/dist/query-helpers.js:76:38
 Γ¥» node_modules/.pnpm/@testing-library+dom@10.4.1/node_modules/@testing-library/dom/dist/query-helpers.js:52:17
 Γ¥» node_modules/.pnpm/@testing-library+dom@10.4.1/node_modules/@testing-library/dom/dist/query-helpers.js:95:19
 Γ¥» src/components/fuzzy-search/FuzzySearchInput.test.tsx:195:19
    193| 
    194|     // Score of 0.1 = 90% match
    195|     expect(screen.getByText("90%")).toBeInTheDocument();
       |                   ^
    196|     // Score of 0.2 = 80% match
    197|     expect(screen.getByText("80%")).toBeInTheDocument();

ΓÄ»ΓÄ»ΓÄ»ΓÄ»ΓÄ»ΓÄ»ΓÄ»ΓÄ»ΓÄ»ΓÄ»ΓÄ»ΓÄ»ΓÄ»ΓÄ»ΓÄ»ΓÄ»ΓÄ»ΓÄ»ΓÄ»ΓÄ»ΓÄ»ΓÄ»[30/39]ΓÄ»

 FAIL  src/components/fuzzy-search/FuzzySearchInput.test.tsx > FuzzySearchInput > should have proper ARIA attributes
Error: expect(element).toHaveAttribute("aria-expanded", "true") // element.getAttribute("aria-expanded") === "true"

Expected the element to have attribute:
  aria-expanded="true"
Received:
  aria-expanded="false"
 Γ¥» src/components/fuzzy-search/FuzzySearchInput.test.tsx:213:19
    211|     expect(input).toHaveAttribute("aria-autocomplete", "list");
    212|     expect(input).toHaveAttribute("aria-controls", "fuzzy-search-resulΓÇª
    213|     expect(input).toHaveAttribute("aria-expanded", "true");
       |                   ^
    214|   });
    215| 

ΓÄ»ΓÄ»ΓÄ»ΓÄ»ΓÄ»ΓÄ»ΓÄ»ΓÄ»ΓÄ»ΓÄ»ΓÄ»ΓÄ»ΓÄ»ΓÄ»ΓÄ»ΓÄ»ΓÄ»ΓÄ»ΓÄ»ΓÄ»ΓÄ»ΓÄ»[31/39]ΓÄ»

 FAIL  src/components/fuzzy-search/FuzzySearchInput.test.tsx > FuzzySearchInput > should close dropdown when clicking outside
TestingLibraryElementError: Unable to find an element with the text: John Doe. This could be because the text is broken up by multiple elements. In this case, you can provide a function for your text matcher to make your matcher more flexible.

Ignored nodes: comments, script, style
<body>
  <div>
    <div>
      <div
        class="relative w-full"
      >
        <div
          class="relative"
        >
          <input
            aria-autocomplete="list"
            aria-controls="fuzzy-search-results"
            aria-expanded="false"
            aria-label="Search..."
            class="w-full px-3 py-2 border border-ui-border-primary dark:border-ui-border-primary-dark rounded-lg focus:outline-none focus:ring-2 focus:ring-brand-500 dark:bg-ui-bg-secondary-dark dark:text-ui-text-primary-dark "
            placeholder="Search..."
            role="combobox"
            type="text"
            value="john"
          />
          <button
            aria-label="Clear search"
            class="absolute right-3 top-1/2 -translate-y-1/2 text-ui-text-tertiary hover:text-ui-text-secondary dark:hover:text-ui-text-secondary-dark"
            type="button"
          >
            <svg
              class="w-4 h-4"
              fill="none"
              stroke="currentColor"
              viewBox="0 0 24 24"
            >
              <title>
                Clear
              </title>
              <path
                d="M6 18L18 6M6 6l12 12"
                stroke-linecap="round"
                stroke-linejoin="round"
                stroke-width="2"
              />
            </svg>
          </button>
        </div>
      </div>
      <button
        type="button"
      >
        Outside button
      </button>
    </div>
  </div>
</body>
 Γ¥» Object.getElementError node_modules/.pnpm/@testing-library+dom@10.4.1/node_modules/@testing-library/dom/dist/config.js:37:19
 Γ¥» node_modules/.pnpm/@testing-library+dom@10.4.1/node_modules/@testing-library/dom/dist/query-helpers.js:76:38
 Γ¥» node_modules/.pnpm/@testing-library+dom@10.4.1/node_modules/@testing-library/dom/dist/query-helpers.js:52:17
 Γ¥» node_modules/.pnpm/@testing-library+dom@10.4.1/node_modules/@testing-library/dom/dist/query-helpers.js:95:19
 Γ¥» src/components/fuzzy-search/FuzzySearchInput.test.tsx:227:19
    225| 
    226|     // Dropdown should be open
    227|     expect(screen.getByText("John Doe")).toBeInTheDocument();
       |                   ^
    228| 
    229|     // Click outside

ΓÄ»ΓÄ»ΓÄ»ΓÄ»ΓÄ»ΓÄ»ΓÄ»ΓÄ»ΓÄ»ΓÄ»ΓÄ»ΓÄ»ΓÄ»ΓÄ»ΓÄ»ΓÄ»ΓÄ»ΓÄ»ΓÄ»ΓÄ»ΓÄ»ΓÄ»[32/39]ΓÄ»

 FAIL  src/components/fuzzy-search/integration.test.tsx > Hybrid Search Integration > Convex + Fuse.js Pattern > should handle Convex data updates reactively
AssertionError: expected [ { item: { _id: '1', ΓÇª(2) }, ΓÇª(1) } ] to have a length of 2 but got 1

- Expected
+ Received

- 2
+ 1

 Γ¥» src/components/fuzzy-search/integration.test.tsx:57:38
     55| 
     56|       // Fuzzy search should work with new data
     57|       expect(result.current.results).toHaveLength(2);
       |                                      ^
     58|     });
     59| 

ΓÄ»ΓÄ»ΓÄ»ΓÄ»ΓÄ»ΓÄ»ΓÄ»ΓÄ»ΓÄ»ΓÄ»ΓÄ»ΓÄ»ΓÄ»ΓÄ»ΓÄ»ΓÄ»ΓÄ»ΓÄ»ΓÄ»ΓÄ»ΓÄ»ΓÄ»[33/39]ΓÄ»

 FAIL  src/components/fuzzy-search/integration.test.tsx > Hybrid Search Integration > Convex + Fuse.js Pattern > should maintain search query across data updates
AssertionError: expected '' to be 'john' // Object.is equality

- Expected
+ Received

- john

 Γ¥» src/components/fuzzy-search/integration.test.tsx:75:36
     73|       });
     74| 
     75|       expect(result.current.query).toBe("john");
       |                                    ^
     76| 
     77|       // Simulate new data from Convex

ΓÄ»ΓÄ»ΓÄ»ΓÄ»ΓÄ»ΓÄ»ΓÄ»ΓÄ»ΓÄ»ΓÄ»ΓÄ»ΓÄ»ΓÄ»ΓÄ»ΓÄ»ΓÄ»ΓÄ»ΓÄ»ΓÄ»ΓÄ»ΓÄ»ΓÄ»[34/39]ΓÄ»

 FAIL  src/components/fuzzy-search/integration.test.tsx > Hybrid Search Integration > Performance with Debouncing > should debounce search queries
AssertionError: expected false to be true // Object.is equality

- Expected
+ Received

- true
+ false

 Γ¥» src/components/fuzzy-search/integration.test.tsx:131:43
    129| 
    130|       // Should be debouncing
    131|       expect(result.current.isDebouncing).toBe(true);
       |                                           ^
    132|       expect(result.current.query).toBe("john");
    133|       expect(result.current.debouncedQuery).not.toBe("john");

ΓÄ»ΓÄ»ΓÄ»ΓÄ»ΓÄ»ΓÄ»ΓÄ»ΓÄ»ΓÄ»ΓÄ»ΓÄ»ΓÄ»ΓÄ»ΓÄ»ΓÄ»ΓÄ»ΓÄ»ΓÄ»ΓÄ»ΓÄ»ΓÄ»ΓÄ»[35/39]ΓÄ»

 FAIL  src/components/fuzzy-search/integration.test.tsx > Hybrid Search Integration > Security: Permission Filtering > should only search through permission-filtered data from Convex
AssertionError: expected [ ΓÇª(2) ] to have a length of +0 but got 2

- Expected
+ Received

- 0
+ 2

 Γ¥» src/components/fuzzy-search/integration.test.tsx:172:38
    170| 
    171|       // No results because Bob wasn't in the Convex response
    172|       expect(result.current.results).toHaveLength(0);
       |                                      ^
    173| 
    174|       // Can find authorized users

ΓÄ»ΓÄ»ΓÄ»ΓÄ»ΓÄ»ΓÄ»ΓÄ»ΓÄ»ΓÄ»ΓÄ»ΓÄ»ΓÄ»ΓÄ»ΓÄ»ΓÄ»ΓÄ»ΓÄ»ΓÄ»ΓÄ»ΓÄ»ΓÄ»ΓÄ»[36/39]ΓÄ»

 FAIL  src/components/fuzzy-search/integration.test.tsx > Hybrid Search Integration > Performance Characteristics > should respect limit to optimize large result sets
AssertionError: expected 100 to be less than or equal to 10
 Γ¥» src/components/fuzzy-search/integration.test.tsx:342:45
    340| 
    341|       // useUserFuzzySearch has limit: 10
    342|       expect(result.current.results.length).toBeLessThanOrEqual(10);
       |                                             ^
    343|     });
    344|   });

ΓÄ»ΓÄ»ΓÄ»ΓÄ»ΓÄ»ΓÄ»ΓÄ»ΓÄ»ΓÄ»ΓÄ»ΓÄ»ΓÄ»ΓÄ»ΓÄ»ΓÄ»ΓÄ»ΓÄ»ΓÄ»ΓÄ»ΓÄ»ΓÄ»ΓÄ»[37/39]ΓÄ»

 FAIL  src/components/ui/ColorPicker.test.tsx > ColorPicker > Selected State > should update highlight when value changes
Error: expect(element).not.toHaveClass("scale-110")

Expected the element not to have class:
  scale-110
Received:
  w-8 h-8 rounded-full transition-transform hover:scale-110 focus:outline-none focus:ring-2 focus:ring-offset-2 focus:ring-ui-border-primary dark:focus:ring-ui-border-primary-dark ring-2 ring-offset-2 ring-ui-border-primary dark:ring-ui-border-primary-dark scale-110
 Γ¥» src/components/ui/ColorPicker.test.tsx:134:34
    132| 
    133|       const previousButton = screen.getByLabelText("Select color #EF44ΓÇª
    134|       expect(previousButton).not.toHaveClass("scale-110");
       |                                  ^
    135| 
    136|       const newButton = screen.getByLabelText("Select color #F59E0B");

ΓÄ»ΓÄ»ΓÄ»ΓÄ»ΓÄ»ΓÄ»ΓÄ»ΓÄ»ΓÄ»ΓÄ»ΓÄ»ΓÄ»ΓÄ»ΓÄ»ΓÄ»ΓÄ»ΓÄ»ΓÄ»ΓÄ»ΓÄ»ΓÄ»ΓÄ»[38/39]ΓÄ»

 FAIL  src/components/ui/ColorPicker.test.tsx > ColorPicker > Real-world Scenarios > should work as theme color picker
Error: expect(element).toHaveClass("scale-110")

Expected the element to have class:
  scale-110
Received:
  w-8 h-8 rounded-full transition-transform hover:scale-110 focus:outline-none focus:ring-2 focus:ring-offset-2 focus:ring-ui-border-primary dark:focus:ring-ui-border-primary-dark
 Γ¥» src/components/ui/ColorPicker.test.tsx:398:30
    396|       // New color should be selected
    397|       const selectedButton = screen.getByLabelText("Select color #3B82ΓÇª
    398|       expect(selectedButton).toHaveClass("scale-110");
       |                              ^
    399|     });
    400| 

ΓÄ»ΓÄ»ΓÄ»ΓÄ»ΓÄ»ΓÄ»ΓÄ»ΓÄ»ΓÄ»ΓÄ»ΓÄ»ΓÄ»ΓÄ»ΓÄ»ΓÄ»ΓÄ»ΓÄ»ΓÄ»ΓÄ»ΓÄ»ΓÄ»ΓÄ»[39/39]ΓÄ»


[2m Test Files [22m [1m[31m8 failed[39m[22m[2m | [22m[1m[32m52 passed[39m[22m[90m (60)[39m
[2m      Tests [22m [1m[31m39 failed[39m[22m[2m | [22m[1m[32m1133 passed[39m[22m[90m (1172)[39m
[2m   Start at [22m 21:21:05
[2m   Duration [22m 79.15s[2m (transform 38.67s, setup 218.51s, import 172.28s, tests 213.83s, environment 559.25s)[22m

ΓÇëELIFECYCLEΓÇë Test failed. See above for more details.
